[93mWARNING [0m:   DEPRECATED FEATURE: flwr.client.start_client() is deprecated.
	Instead, use the `flower-supernode` CLI command to start a SuperNode as shown below:

		$ flower-supernode --insecure --superlink='<IP>:<PORT>'

	To view all available options, run:

		$ flower-supernode --help

	Using `start_client()` is deprecated.

            This is a deprecated feature. It will be removed
            entirely in future versions of Flower.
        
Traceback (most recent call last):
  File "/homes/01/sxbhattarai/sec-agg/distributed_fl/start_client.py", line 33, in <module>
    start_client(server_address=server_address, client=client)
  File "/homes/01/sxbhattarai/miniconda3/envs/flwr_env_py311/lib/python3.11/site-packages/flwr/compat/client/app.py", line 184, in start_client
    start_client_internal(
  File "/homes/01/sxbhattarai/miniconda3/envs/flwr_env_py311/lib/python3.11/site-packages/flwr/compat/client/app.py", line 395, in start_client_internal
    message = receive()
              ^^^^^^^^^
  File "/homes/01/sxbhattarai/miniconda3/envs/flwr_env_py311/lib/python3.11/site-packages/flwr/compat/client/grpc_client/connection.py", line 142, in receive
    proto = next(server_message_iterator)
            ^^^^^^^^^^^^^^^^^^^^^^^^^^^^^
  File "/homes/01/sxbhattarai/miniconda3/envs/flwr_env_py311/lib/python3.11/site-packages/grpc/_channel.py", line 543, in __next__
    return self._next()
           ^^^^^^^^^^^^
  File "/homes/01/sxbhattarai/miniconda3/envs/flwr_env_py311/lib/python3.11/site-packages/grpc/_channel.py", line 969, in _next
    raise self
grpc._channel._MultiThreadedRendezvous: <_MultiThreadedRendezvous of RPC that terminated with:
	status = StatusCode.UNAVAILABLE
	details = "failed to connect to all addresses; last error: UNAVAILABLE: ipv4:172.16.1.102:8080: sendmsg: Connection refused (111)"
	debug_error_string = "UNKNOWN:Error received from peer  {grpc_status:14, grpc_message:"failed to connect to all addresses; last error: UNAVAILABLE: ipv4:172.16.1.102:8080: sendmsg: Connection refused (111)"}"
>
