--- FL Experiment Job Started on Node: gpu002.cluster ---
Job ID: 541111
Starting server, listening on gpu002.cluster:8080
Waiting 15 seconds for server to be ready...
Starting client 0...
Starting client 1...
Starting client 2...
Starting client 3...
Starting client 4...
Starting client 5...
Starting client 6...
Starting client 7...
Starting client 8...
Starting client 9...
All processes launched. Waiting for completion...
[DEBUG] Client 0: Script started.
[DEBUG] Client 1: Script started.
[DEBUG] Client 7: Script started.
[DEBUG] Client 8: Script started.
[DEBUG] Client 0: torch.cuda.is_available() check returned: True
[DEBUG] Client 0: Calling client_fn factory...
[DEBUG] Client 0: Inside client_fn.
[DEBUG] Client 0: Initializing Net()...
[DEBUG] Client 0: Net() initialized. Moving to device: cuda:0...
[DEBUG] Client 1: torch.cuda.is_available() check returned: False
[DEBUG] Client {cid}: CUDA not available according to PyTorch.
[DEBUG] Client 1: Calling client_fn factory...
[DEBUG] Client 1: Inside client_fn.
[DEBUG] Client 7: torch.cuda.is_available() check returned: False
[DEBUG] Client 1: Initializing Net()...
[DEBUG] Client {cid}: CUDA not available according to PyTorch.
[DEBUG] Client 1: Net() initialized. Moving to device: cpu...
[DEBUG] Client 7: Calling client_fn factory...
[DEBUG] Client 1: Model successfully moved to device.
[DEBUG] Client 7: Inside client_fn.
[DEBUG] Client 1: Calling load_data...
[DEBUG] Client 7: Initializing Net()...
[DEBUG] Client 7: Net() initialized. Moving to device: cpu...
[DEBUG] Client 7: Model successfully moved to device.
[DEBUG] Client 7: Calling load_data...
[DEBUG] Client 8: torch.cuda.is_available() check returned: True
[DEBUG] Client 8: Calling client_fn factory...
[DEBUG] Client 8: Inside client_fn.
[DEBUG] Client 8: Initializing Net()...
[DEBUG] Client 8: Net() initialized. Moving to device: cuda:0...
Client 7: Loading data partition manually from /homes/01/sxbhattarai/sec-agg/data...
Client 1: Loading data partition manually from /homes/01/sxbhattarai/sec-agg/data...
Client 7: Successfully created manual partition with 5042 samples.
Client 1: Successfully created manual partition with 4121 samples.
[DEBUG] Client 7: client_fn factory returned.
[DEBUG] Client 1: client_fn factory returned.
[DEBUG] Client 7: About to call start_client...
[DEBUG] Client 1: About to call start_client...
[DEBUG] Client 0: Model successfully moved to device.
[DEBUG] Client 0: Calling load_data...
[DEBUG] Client 8: Model successfully moved to device.
[DEBUG] Client 8: Calling load_data...
Client 0: Loading data partition manually from /homes/01/sxbhattarai/sec-agg/data...
Client 0: Successfully created manual partition with 2423 samples.
[DEBUG] Client 0: client_fn factory returned.
[DEBUG] Client 0: About to call start_client...
Client 8: Loading data partition manually from /homes/01/sxbhattarai/sec-agg/data...
Client 8: Successfully created manual partition with 3527 samples.
[DEBUG] Client 8: client_fn factory returned.
[DEBUG] Client 8: About to call start_client...
