wandb: WARNING `start_method` is deprecated and will be removed in a future version of wandb. This setting is currently non-functional and safely ignored.
wandb: WARNING `resume` will be ignored since W&B syncing is set to `offline`. Starting a new run with run id 5h2ubyi7.
wandb: Tracking run with wandb version 0.20.1
wandb: W&B syncing is set to `offline` in this directory. Run `wandb online` or set WANDB_MODE=online to enable cloud syncing.
[93mWARNING [0m:   DEPRECATED FEATURE: flwr.server.start_server() is deprecated.
	Instead, use the `flower-superlink` CLI command to start a SuperLink as shown below:

		$ flower-superlink --insecure

	To view usage and all available options, run:

		$ flower-superlink --help

	Using `start_server()` is deprecated.

            This is a deprecated feature. It will be removed
            entirely in future versions of Flower.
        
[92mINFO [0m:      Starting Flower server, config: num_rounds=5, no round_timeout
[92mINFO [0m:      Flower ECE: gRPC server running (5 rounds), SSL is disabled
[92mINFO [0m:      [INIT]
[92mINFO [0m:      Using initial global parameters provided by strategy
[92mINFO [0m:      Starting evaluation of initial global parameters
[92mINFO [0m:      initial parameters (loss, other metrics): 2.304177660850962, {'accuracy': 0.1}
[92mINFO [0m:      
[92mINFO [0m:      [ROUND 1]
[93mWARNING [0m:   DEPRECATED FEATURE: flwr.client.start_client() is deprecated.
	Instead, use the `flower-supernode` CLI command to start a SuperNode as shown below:
[93mWARNING [0m:   DEPRECATED FEATURE: flwr.client.start_client() is deprecated.

	Instead, use the `flower-supernode` CLI command to start a SuperNode as shown below:
		$ flower-supernode --insecure --superlink='<IP>:<PORT>'


		$ flower-supernode --insecure --superlink='<IP>:<PORT>'
	To view all available options, run:


	To view all available options, run:
		$ flower-supernode --help


		$ flower-supernode --help
	Using `start_client()` is deprecated.


	Using `start_client()` is deprecated.
            This is a deprecated feature. It will be removed

            entirely in future versions of Flower.
            This is a deprecated feature. It will be removed
        
            entirely in future versions of Flower.
        
[93mWARNING [0m:   DEPRECATED FEATURE: flwr.client.start_client() is deprecated.
	Instead, use the `flower-supernode` CLI command to start a SuperNode as shown below:

		$ flower-supernode --insecure --superlink='<IP>:<PORT>'

	To view all available options, run:

		$ flower-supernode --help

	Using `start_client()` is deprecated.

            This is a deprecated feature. It will be removed
            entirely in future versions of Flower.
        
[93mWARNING [0m:   DEPRECATED FEATURE: flwr.client.start_client() is deprecated.
	Instead, use the `flower-supernode` CLI command to start a SuperNode as shown below:

		$ flower-supernode --insecure --superlink='<IP>:<PORT>'

	To view all available options, run:

		$ flower-supernode --help

	Using `start_client()` is deprecated.

            This is a deprecated feature. It will be removed
            entirely in future versions of Flower.
        
srun: Job 541111 step creation temporarily disabled, retrying (Requested nodes are busy)
srun: Job 541111 step creation temporarily disabled, retrying (Requested nodes are busy)
srun: Job 541111 step creation temporarily disabled, retrying (Requested nodes are busy)
srun: Job 541111 step creation temporarily disabled, retrying (Requested nodes are busy)
srun: Job 541111 step creation temporarily disabled, retrying (Requested nodes are busy)
srun: Job 541111 step creation temporarily disabled, retrying (Requested nodes are busy)
srun: Job 541111 step creation still disabled, retrying (Requested nodes are busy)
srun: Job 541111 step creation still disabled, retrying (Requested nodes are busy)
srun: Job 541111 step creation still disabled, retrying (Requested nodes are busy)
srun: Job 541111 step creation still disabled, retrying (Requested nodes are busy)
srun: Job 541111 step creation still disabled, retrying (Requested nodes are busy)
srun: Job 541111 step creation still disabled, retrying (Requested nodes are busy)
srun: Job 541111 step creation still disabled, retrying (Requested nodes are busy)
srun: Job 541111 step creation still disabled, retrying (Requested nodes are busy)
srun: Job 541111 step creation still disabled, retrying (Requested nodes are busy)
srun: Job 541111 step creation still disabled, retrying (Requested nodes are busy)
srun: Job 541111 step creation still disabled, retrying (Requested nodes are busy)
srun: Job 541111 step creation still disabled, retrying (Requested nodes are busy)
srun: Job 541111 step creation still disabled, retrying (Requested nodes are busy)
srun: Job 541111 step creation still disabled, retrying (Requested nodes are busy)
srun: Job 541111 step creation still disabled, retrying (Requested nodes are busy)
srun: Job 541111 step creation still disabled, retrying (Requested nodes are busy)
srun: Job 541111 step creation still disabled, retrying (Requested nodes are busy)
srun: Job 541111 step creation still disabled, retrying (Requested nodes are busy)
srun: Job 541111 step creation still disabled, retrying (Requested nodes are busy)
srun: Job 541111 step creation still disabled, retrying (Requested nodes are busy)
srun: Job 541111 step creation still disabled, retrying (Requested nodes are busy)
srun: Job 541111 step creation still disabled, retrying (Requested nodes are busy)
srun: Job 541111 step creation still disabled, retrying (Requested nodes are busy)
srun: Job 541111 step creation still disabled, retrying (Requested nodes are busy)
srun: Job 541111 step creation still disabled, retrying (Requested nodes are busy)
srun: Job 541111 step creation still disabled, retrying (Requested nodes are busy)
srun: Job 541111 step creation still disabled, retrying (Requested nodes are busy)
srun: Job 541111 step creation still disabled, retrying (Requested nodes are busy)
srun: Job 541111 step creation still disabled, retrying (Requested nodes are busy)
srun: Job 541111 step creation still disabled, retrying (Requested nodes are busy)
srun: Job 541111 step creation still disabled, retrying (Requested nodes are busy)
srun: Job 541111 step creation still disabled, retrying (Requested nodes are busy)
srun: Job 541111 step creation still disabled, retrying (Requested nodes are busy)
srun: Job 541111 step creation still disabled, retrying (Requested nodes are busy)
srun: Job 541111 step creation still disabled, retrying (Requested nodes are busy)
srun: Job 541111 step creation still disabled, retrying (Requested nodes are busy)
srun: Job 541111 step creation still disabled, retrying (Requested nodes are busy)
srun: Job 541111 step creation still disabled, retrying (Requested nodes are busy)
srun: Job 541111 step creation still disabled, retrying (Requested nodes are busy)
srun: Job 541111 step creation still disabled, retrying (Requested nodes are busy)
srun: Job 541111 step creation still disabled, retrying (Requested nodes are busy)
srun: Job 541111 step creation still disabled, retrying (Requested nodes are busy)
srun: Job 541111 step creation still disabled, retrying (Requested nodes are busy)
srun: Job 541111 step creation still disabled, retrying (Requested nodes are busy)
srun: Job 541111 step creation still disabled, retrying (Requested nodes are busy)
srun: Job 541111 step creation still disabled, retrying (Requested nodes are busy)
srun: Job 541111 step creation still disabled, retrying (Requested nodes are busy)
srun: Job 541111 step creation still disabled, retrying (Requested nodes are busy)
srun: Job 541111 step creation still disabled, retrying (Requested nodes are busy)
srun: Job 541111 step creation still disabled, retrying (Requested nodes are busy)
srun: Job 541111 step creation still disabled, retrying (Requested nodes are busy)
srun: Job 541111 step creation still disabled, retrying (Requested nodes are busy)
srun: Job 541111 step creation still disabled, retrying (Requested nodes are busy)
srun: Job 541111 step creation still disabled, retrying (Requested nodes are busy)
srun: Job 541111 step creation still disabled, retrying (Requested nodes are busy)
srun: Job 541111 step creation still disabled, retrying (Requested nodes are busy)
srun: Job 541111 step creation still disabled, retrying (Requested nodes are busy)
srun: Job 541111 step creation still disabled, retrying (Requested nodes are busy)
srun: Job 541111 step creation still disabled, retrying (Requested nodes are busy)
srun: Job 541111 step creation still disabled, retrying (Requested nodes are busy)
srun: Job 541111 step creation still disabled, retrying (Requested nodes are busy)
srun: Job 541111 step creation still disabled, retrying (Requested nodes are busy)
srun: Job 541111 step creation still disabled, retrying (Requested nodes are busy)
srun: Job 541111 step creation still disabled, retrying (Requested nodes are busy)
srun: Job 541111 step creation still disabled, retrying (Requested nodes are busy)
srun: Job 541111 step creation still disabled, retrying (Requested nodes are busy)
srun: Job 541111 step creation still disabled, retrying (Requested nodes are busy)
srun: Job 541111 step creation still disabled, retrying (Requested nodes are busy)
srun: Job 541111 step creation still disabled, retrying (Requested nodes are busy)
srun: Job 541111 step creation still disabled, retrying (Requested nodes are busy)
srun: Job 541111 step creation still disabled, retrying (Requested nodes are busy)
srun: Job 541111 step creation still disabled, retrying (Requested nodes are busy)
srun: Job 541111 step creation still disabled, retrying (Requested nodes are busy)
srun: Job 541111 step creation still disabled, retrying (Requested nodes are busy)
srun: Job 541111 step creation still disabled, retrying (Requested nodes are busy)
srun: Job 541111 step creation still disabled, retrying (Requested nodes are busy)
srun: Job 541111 step creation still disabled, retrying (Requested nodes are busy)
srun: Job 541111 step creation still disabled, retrying (Requested nodes are busy)
srun: Job 541111 step creation still disabled, retrying (Requested nodes are busy)
srun: Job 541111 step creation still disabled, retrying (Requested nodes are busy)
srun: Job 541111 step creation still disabled, retrying (Requested nodes are busy)
srun: Job 541111 step creation still disabled, retrying (Requested nodes are busy)
srun: Job 541111 step creation still disabled, retrying (Requested nodes are busy)
srun: Job 541111 step creation still disabled, retrying (Requested nodes are busy)
srun: Job 541111 step creation still disabled, retrying (Requested nodes are busy)
srun: Job 541111 step creation still disabled, retrying (Requested nodes are busy)
srun: Job 541111 step creation still disabled, retrying (Requested nodes are busy)
srun: Job 541111 step creation still disabled, retrying (Requested nodes are busy)
srun: Job 541111 step creation still disabled, retrying (Requested nodes are busy)
srun: Job 541111 step creation still disabled, retrying (Requested nodes are busy)
srun: Job 541111 step creation still disabled, retrying (Requested nodes are busy)
srun: Job 541111 step creation still disabled, retrying (Requested nodes are busy)
srun: Job 541111 step creation still disabled, retrying (Requested nodes are busy)
srun: error: Unable to create step for job 541111: Job/step already completing or completed
srun: error: Unable to create step for job 541111: Job/step already completing or completed
srun: Job step aborted: Waiting up to 32 seconds for job step to finish.
srun: Job step aborted: Waiting up to 32 seconds for job step to finish.
srun: Job step aborted: Waiting up to 32 seconds for job step to finish.
srun: error: Unable to create step for job 541111: Job/step already completing or completed
srun: Job step aborted: Waiting up to 32 seconds for job step to finish.
srun: error: Unable to create step for job 541111: Job/step already completing or completed
srun: error: Unable to create step for job 541111: Job/step already completing or completed
srun: error: Unable to create step for job 541111: Job/step already completing or completed
srun: Job step aborted: Waiting up to 32 seconds for job step to finish.
slurmstepd: error: *** JOB 541111 ON gpu002 CANCELLED AT 2025-07-11T20:22:01 DUE TO TIME LIMIT ***
slurmstepd: error: *** STEP 541111.0 ON gpu002 CANCELLED AT 2025-07-11T20:22:01 DUE TO TIME LIMIT ***
slurmstepd: error: *** STEP 541111.2 ON gpu002 CANCELLED AT 2025-07-11T20:22:01 DUE TO TIME LIMIT ***
slurmstepd: error: *** STEP 541111.1 ON gpu002 CANCELLED AT 2025-07-11T20:22:01 DUE TO TIME LIMIT ***
slurmstepd: error: *** STEP 541111.3 ON gpu002 CANCELLED AT 2025-07-11T20:22:01 DUE TO TIME LIMIT ***
slurmstepd: error: *** STEP 541111.4 ON gpu002 CANCELLED AT 2025-07-11T20:22:01 DUE TO TIME LIMIT ***
