--- Flower Simulation Job Started ---
Job ID: 541129
Host: gpu002.cluster
🚀 Starting simulations with resources per client: {'num_cpus': 2, 'num_gpus': 0.5}

🚀 Starting experiment: fedavg_benign_f0_n10

Loading central test set from: /homes/01/sxbhattarai/sec-agg/data
[36m(ClientAppActor pid=92745)[0m Client 15: Loading data partition manually from /homes/01/sxbhattarai/sec-agg/data...
[36m(ClientAppActor pid=92744)[0m Client 90: Successfully created manual partition with 696 samples.
[36m(ClientAppActor pid=92722)[0m Client 80: Loading data partition manually from /homes/01/sxbhattarai/sec-agg/data...[32m [repeated 15x across cluster][0m
[36m(ClientAppActor pid=92741)[0m Client 3: Successfully created manual partition with 1029 samples.[32m [repeated 16x across cluster][0m
[36m(ClientAppActor pid=92746)[0m Client 38: Loading data partition manually from /homes/01/sxbhattarai/sec-agg/data...[32m [repeated 20x across cluster][0m
[36m(ClientAppActor pid=92746)[0m Client 38: Successfully created manual partition with 580 samples.[32m [repeated 20x across cluster][0m
[36m(ClientAppActor pid=92741)[0m Client 5: Loading data partition manually from /homes/01/sxbhattarai/sec-agg/data...[32m [repeated 20x across cluster][0m
[36m(ClientAppActor pid=92722)[0m Client 32: Successfully created manual partition with 214 samples.[32m [repeated 20x across cluster][0m
[36m(ClientAppActor pid=92741)[0m Client 16: Loading data partition manually from /homes/01/sxbhattarai/sec-agg/data...[32m [repeated 23x across cluster][0m
[36m(ClientAppActor pid=92741)[0m Client 16: Successfully created manual partition with 1015 samples.[32m [repeated 22x across cluster][0m
[36m(ClientAppActor pid=92722)[0m Client 89: Loading data partition manually from /homes/01/sxbhattarai/sec-agg/data...[32m [repeated 16x across cluster][0m
[36m(ClientAppActor pid=92741)[0m Client 43: Successfully created manual partition with 448 samples.[32m [repeated 18x across cluster][0m
[36m(ClientAppActor pid=92741)[0m Client 43: Loading data partition manually from /homes/01/sxbhattarai/sec-agg/data...[32m [repeated 6x across cluster][0m
[36m(ClientAppActor pid=92739)[0m Client 31: Successfully created manual partition with 552 samples.[32m [repeated 3x across cluster][0m
[36m(ClientAppActor pid=92746)[0m Client 48: Loading data partition manually from /homes/01/sxbhattarai/sec-agg/data...[32m [repeated 22x across cluster][0m
[36m(ClientAppActor pid=92741)[0m Client 90: Successfully created manual partition with 696 samples.[32m [repeated 20x across cluster][0m
[36m(ClientAppActor pid=92741)[0m Client 51: Loading data partition manually from /homes/01/sxbhattarai/sec-agg/data...[32m [repeated 22x across cluster][0m
[36m(ClientAppActor pid=92739)[0m Client 4: Successfully created manual partition with 1354 samples.[32m [repeated 23x across cluster][0m
[36m(ClientAppActor pid=92722)[0m Client 95: Loading data partition manually from /homes/01/sxbhattarai/sec-agg/data...[32m [repeated 21x across cluster][0m
[36m(ClientAppActor pid=92743)[0m Client 30: Successfully created manual partition with 404 samples.[32m [repeated 19x across cluster][0m
[36m(ClientAppActor pid=92743)[0m Client 37: Loading data partition manually from /homes/01/sxbhattarai/sec-agg/data...[32m [repeated 21x across cluster][0m
[36m(ClientAppActor pid=92741)[0m Client 63: Successfully created manual partition with 533 samples.[32m [repeated 20x across cluster][0m
[36m(ClientAppActor pid=92741)[0m Client 53: Loading data partition manually from /homes/01/sxbhattarai/sec-agg/data...[32m [repeated 14x across cluster][0m
[36m(ClientAppActor pid=92739)[0m Client 60: Successfully created manual partition with 461 samples.[32m [repeated 18x across cluster][0m
[36m(ClientAppActor pid=92745)[0m Client 69: Loading data partition manually from /homes/01/sxbhattarai/sec-agg/data...[32m [repeated 23x across cluster][0m
[36m(ClientAppActor pid=92744)[0m Client 88: Successfully created manual partition with 391 samples.[32m [repeated 22x across cluster][0m
[36m(ClientAppActor pid=92741)[0m Client 91: Loading data partition manually from /homes/01/sxbhattarai/sec-agg/data...[32m [repeated 17x across cluster][0m
[36m(ClientAppActor pid=92741)[0m Client 91: Successfully created manual partition with 649 samples.[32m [repeated 19x across cluster][0m
[36m(ClientAppActor pid=92739)[0m Client 96: Loading data partition manually from /homes/01/sxbhattarai/sec-agg/data...[32m [repeated 21x across cluster][0m
[36m(ClientAppActor pid=92746)[0m Client 83: Successfully created manual partition with 507 samples.[32m [repeated 17x across cluster][0m
[36m(ClientAppActor pid=92743)[0m Client 28: Loading data partition manually from /homes/01/sxbhattarai/sec-agg/data...[32m [repeated 21x across cluster][0m
[36m(ClientAppActor pid=92722)[0m Client 16: Successfully created manual partition with 1015 samples.[32m [repeated 21x across cluster][0m
[36m(ClientAppActor pid=92739)[0m Client 34: Loading data partition manually from /homes/01/sxbhattarai/sec-agg/data...[32m [repeated 17x across cluster][0m
[36m(ClientAppActor pid=92742)[0m Client 27: Successfully created manual partition with 873 samples.[32m [repeated 20x across cluster][0m
[36m(ClientAppActor pid=92741)[0m Client 52: Loading data partition manually from /homes/01/sxbhattarai/sec-agg/data...
[36m(ClientAppActor pid=92739)[0m Client 34: Successfully created manual partition with 408 samples.
[36m(ClientAppActor pid=92722)[0m Client 13: Loading data partition manually from /homes/01/sxbhattarai/sec-agg/data...
[36m(ClientAppActor pid=92741)[0m Client 52: Successfully created manual partition with 334 samples.
[36m(ClientAppActor pid=92741)[0m Client 1: Loading data partition manually from /homes/01/sxbhattarai/sec-agg/data...[32m [repeated 24x across cluster][0m
[36m(ClientAppActor pid=92746)[0m Client 46: Successfully created manual partition with 258 samples.[32m [repeated 24x across cluster][0m
[36m(ClientAppActor pid=92741)[0m Client 38: Loading data partition manually from /homes/01/sxbhattarai/sec-agg/data...[32m [repeated 16x across cluster][0m
[36m(ClientAppActor pid=92741)[0m Client 38: Successfully created manual partition with 580 samples.[32m [repeated 17x across cluster][0m
[36m(ClientAppActor pid=92741)[0m Client 48: Loading data partition manually from /homes/01/sxbhattarai/sec-agg/data...[32m [repeated 19x across cluster][0m
[36m(ClientAppActor pid=92722)[0m Client 57: Successfully created manual partition with 477 samples.[32m [repeated 20x across cluster][0m
[36m(ClientAppActor pid=92744)[0m Client 86: Loading data partition manually from /homes/01/sxbhattarai/sec-agg/data...[32m [repeated 17x across cluster][0m
[36m(ClientAppActor pid=92741)[0m Client 29: Successfully created manual partition with 421 samples.[32m [repeated 21x across cluster][0m
[36m(ClientAppActor pid=92745)[0m Client 93: Loading data partition manually from /homes/01/sxbhattarai/sec-agg/data...[32m [repeated 20x across cluster][0m
[36m(ClientAppActor pid=92746)[0m Client 65: Successfully created manual partition with 901 samples.[32m [repeated 17x across cluster][0m
[36m(ClientAppActor pid=92741)[0m Client 11: Loading data partition manually from /homes/01/sxbhattarai/sec-agg/data...[32m [repeated 3x across cluster][0m
[36m(ClientAppActor pid=92739)[0m Client 49: Successfully created manual partition with 236 samples.[32m [repeated 20x across cluster][0m
[36m(ClientAppActor pid=92741)[0m Client 3: Loading data partition manually from /homes/01/sxbhattarai/sec-agg/data...[32m [repeated 22x across cluster][0m
[36m(ClientAppActor pid=92741)[0m Client 15: Successfully created manual partition with 735 samples.[32m [repeated 20x across cluster][0m
[36m(ClientAppActor pid=92745)[0m Client 47: Loading data partition manually from /homes/01/sxbhattarai/sec-agg/data...[32m [repeated 20x across cluster][0m
[36m(ClientAppActor pid=92745)[0m Client 38: Successfully created manual partition with 580 samples.[32m [repeated 15x across cluster][0m
[36m(ClientAppActor pid=92746)[0m Client 40: Loading data partition manually from /homes/01/sxbhattarai/sec-agg/data...[32m [repeated 17x across cluster][0m
[36m(ClientAppActor pid=92739)[0m Client 39: Successfully created manual partition with 363 samples.[32m [repeated 20x across cluster][0m
[36m(ClientAppActor pid=92745)[0m Client 75: Loading data partition manually from /homes/01/sxbhattarai/sec-agg/data...[32m [repeated 19x across cluster][0m
[36m(ClientAppActor pid=92746)[0m Client 36: Successfully created manual partition with 487 samples.[32m [repeated 19x across cluster][0m
[36m(ClientAppActor pid=92722)[0m Client 46: Loading data partition manually from /homes/01/sxbhattarai/sec-agg/data...[32m [repeated 17x across cluster][0m
[36m(ClientAppActor pid=92744)[0m Client 55: Successfully created manual partition with 936 samples.[32m [repeated 6x across cluster][0m
[36m(ClientAppActor pid=92741)[0m Client 87: Loading data partition manually from /homes/01/sxbhattarai/sec-agg/data...[32m [repeated 5x across cluster][0m
[36m(ClientAppActor pid=92739)[0m Client 41: Successfully created manual partition with 362 samples.[32m [repeated 21x across cluster][0m
[36m(ClientAppActor pid=92722)[0m Client 71: Loading data partition manually from /homes/01/sxbhattarai/sec-agg/data...[32m [repeated 23x across cluster][0m
[36m(ClientAppActor pid=92739)[0m Client 96: Successfully created manual partition with 607 samples.[32m [repeated 22x across cluster][0m
[36m(ClientAppActor pid=92741)[0m Client 48: Loading data partition manually from /homes/01/sxbhattarai/sec-agg/data...[32m [repeated 22x across cluster][0m
[36m(ClientAppActor pid=92745)[0m Client 91: Successfully created manual partition with 649 samples.[32m [repeated 20x across cluster][0m
[36m(ClientAppActor pid=92744)[0m Client 32: Loading data partition manually from /homes/01/sxbhattarai/sec-agg/data...[32m [repeated 20x across cluster][0m
[36m(ClientAppActor pid=92745)[0m Client 77: Successfully created manual partition with 238 samples.[32m [repeated 18x across cluster][0m
[36m(ClientAppActor pid=92739)[0m Client 98: Loading data partition manually from /homes/01/sxbhattarai/sec-agg/data...[32m [repeated 16x across cluster][0m
[36m(ClientAppActor pid=92743)[0m Client 47: Successfully created manual partition with 655 samples.[32m [repeated 19x across cluster][0m
[36m(ClientAppActor pid=92741)[0m Client 12: Loading data partition manually from /homes/01/sxbhattarai/sec-agg/data...[32m [repeated 19x across cluster][0m
[36m(ClientAppActor pid=92739)[0m Client 65: Successfully created manual partition with 901 samples.[32m [repeated 21x across cluster][0m
[36m(ClientAppActor pid=92744)[0m Client 71: Loading data partition manually from /homes/01/sxbhattarai/sec-agg/data...[32m [repeated 21x across cluster][0m
[36m(ClientAppActor pid=92739)[0m Client 37: Successfully created manual partition with 352 samples.[32m [repeated 17x across cluster][0m
[36m(ClientAppActor pid=92722)[0m Client 33: Loading data partition manually from /homes/01/sxbhattarai/sec-agg/data...[32m [repeated 18x across cluster][0m
[36m(ClientAppActor pid=92739)[0m Client 6: Successfully created manual partition with 362 samples.[32m [repeated 21x across cluster][0m
[36m(ClientAppActor pid=92745)[0m Client 9: Loading data partition manually from /homes/01/sxbhattarai/sec-agg/data...[32m [repeated 22x across cluster][0m
[36m(ClientAppActor pid=92746)[0m Client 48: Successfully created manual partition with 248 samples.[32m [repeated 19x across cluster][0m
[36m(ClientAppActor pid=92742)[0m Client 5: Loading data partition manually from /homes/01/sxbhattarai/sec-agg/data...[32m [repeated 20x across cluster][0m
[36m(ClientAppActor pid=92745)[0m Client 23: Successfully created manual partition with 695 samples.[32m [repeated 21x across cluster][0m
[36m(ClientAppActor pid=92742)[0m Client 56: Loading data partition manually from /homes/01/sxbhattarai/sec-agg/data...[32m [repeated 18x across cluster][0m
[36m(ClientAppActor pid=92742)[0m Client 56: Successfully created manual partition with 185 samples.
[36m(ClientAppActor pid=92741)[0m Client 73: Loading data partition manually from /homes/01/sxbhattarai/sec-agg/data...
[36m(ClientAppActor pid=92745)[0m Client 31: Loading data partition manually from /homes/01/sxbhattarai/sec-agg/data...
[36m(ClientAppActor pid=92741)[0m Client 73: Successfully created manual partition with 378 samples.
[36m(ClientAppActor pid=92742)[0m Client 34: Loading data partition manually from /homes/01/sxbhattarai/sec-agg/data...[32m [repeated 20x across cluster][0m
[36m(ClientAppActor pid=92744)[0m Client 64: Successfully created manual partition with 502 samples.[32m [repeated 22x across cluster][0m
[36m(ClientAppActor pid=92743)[0m Client 79: Loading data partition manually from /homes/01/sxbhattarai/sec-agg/data...[32m [repeated 18x across cluster][0m
[36m(ClientAppActor pid=92741)[0m Client 37: Successfully created manual partition with 352 samples.[32m [repeated 18x across cluster][0m
[36m(ClientAppActor pid=92746)[0m Client 65: Loading data partition manually from /homes/01/sxbhattarai/sec-agg/data...[32m [repeated 17x across cluster][0m
[36m(ClientAppActor pid=92746)[0m Client 65: Successfully created manual partition with 901 samples.[32m [repeated 16x across cluster][0m
[36m(ClientAppActor pid=92722)[0m Client 58: Loading data partition manually from /homes/01/sxbhattarai/sec-agg/data...[32m [repeated 23x across cluster][0m
[36m(ClientAppActor pid=92722)[0m Client 58: Successfully created manual partition with 117 samples.[32m [repeated 22x across cluster][0m
[36m(ClientAppActor pid=92722)[0m Client 42: Loading data partition manually from /homes/01/sxbhattarai/sec-agg/data...[32m [repeated 19x across cluster][0m
[36m(ClientAppActor pid=92722)[0m Client 42: Successfully created manual partition with 652 samples.[32m [repeated 20x across cluster][0m
[36m(ClientAppActor pid=92741)[0m Client 64: Loading data partition manually from /homes/01/sxbhattarai/sec-agg/data...[32m [repeated 2x across cluster][0m
[36m(ClientAppActor pid=92744)[0m Client 91: Successfully created manual partition with 649 samples.
[36m(ClientAppActor pid=92746)[0m Client 87: Successfully created manual partition with 335 samples.
[36m(ClientAppActor pid=92741)[0m Client 69: Loading data partition manually from /homes/01/sxbhattarai/sec-agg/data...[32m [repeated 23x across cluster][0m
[36m(ClientAppActor pid=92741)[0m Client 69: Successfully created manual partition with 363 samples.[32m [repeated 23x across cluster][0m
[36m(ClientAppActor pid=92745)[0m Client 27: Loading data partition manually from /homes/01/sxbhattarai/sec-agg/data...[32m [repeated 19x across cluster][0m
[36m(ClientAppActor pid=92743)[0m Client 58: Successfully created manual partition with 117 samples.[32m [repeated 22x across cluster][0m
[36m(ClientAppActor pid=92743)[0m Client 59: Loading data partition manually from /homes/01/sxbhattarai/sec-agg/data...[32m [repeated 20x across cluster][0m
[36m(ClientAppActor pid=92743)[0m Client 59: Successfully created manual partition with 631 samples.[32m [repeated 17x across cluster][0m
[36m(ClientAppActor pid=92746)[0m Client 25: Loading data partition manually from /homes/01/sxbhattarai/sec-agg/data...[32m [repeated 17x across cluster][0m
[36m(ClientAppActor pid=92741)[0m Client 5: Successfully created manual partition with 372 samples.[32m [repeated 18x across cluster][0m
[36m(ClientAppActor pid=92739)[0m Client 7: Loading data partition manually from /homes/01/sxbhattarai/sec-agg/data...[32m [repeated 19x across cluster][0m
[36m(ClientAppActor pid=92739)[0m Client 7: Successfully created manual partition with 437 samples.[32m [repeated 18x across cluster][0m
[36m(ClientAppActor pid=92722)[0m Client 21: Loading data partition manually from /homes/01/sxbhattarai/sec-agg/data...[32m [repeated 2x across cluster][0m
[36m(ClientAppActor pid=92744)[0m Client 94: Successfully created manual partition with 587 samples.
[36m(ClientAppActor pid=92741)[0m Client 12: Successfully created manual partition with 562 samples.
[36m(ClientAppActor pid=92741)[0m Client 18: Loading data partition manually from /homes/01/sxbhattarai/sec-agg/data...[32m [repeated 21x across cluster][0m
[36m(ClientAppActor pid=92746)[0m Client 43: Successfully created manual partition with 448 samples.[32m [repeated 22x across cluster][0m
[36m(ClientAppActor pid=92741)[0m Client 13: Loading data partition manually from /homes/01/sxbhattarai/sec-agg/data...[32m [repeated 20x across cluster][0m
[36m(ClientAppActor pid=92739)[0m Client 68: Successfully created manual partition with 150 samples.[32m [repeated 20x across cluster][0m
[36m(ClientAppActor pid=92739)[0m Client 35: Loading data partition manually from /homes/01/sxbhattarai/sec-agg/data...[32m [repeated 21x across cluster][0m
[36m(ClientAppActor pid=92742)[0m Client 85: Successfully created manual partition with 468 samples.[32m [repeated 21x across cluster][0m
[36m(ClientAppActor pid=92739)[0m Client 16: Loading data partition manually from /homes/01/sxbhattarai/sec-agg/data...[32m [repeated 19x across cluster][0m
[36m(ClientAppActor pid=92745)[0m Client 66: Successfully created manual partition with 413 samples.[32m [repeated 19x across cluster][0m
[36m(ClientAppActor pid=92746)[0m Client 20: Loading data partition manually from /homes/01/sxbhattarai/sec-agg/data...[32m [repeated 15x across cluster][0m
[36m(ClientAppActor pid=92744)[0m Client 32: Successfully created manual partition with 214 samples.[32m [repeated 15x across cluster][0m
[36m(ClientAppActor pid=92742)[0m Client 10: Loading data partition manually from /homes/01/sxbhattarai/sec-agg/data...[32m [repeated 4x across cluster][0m
[36m(ClientAppActor pid=92742)[0m Client 19: Successfully created manual partition with 370 samples.[32m [repeated 2x across cluster][0m
[36m(ClientAppActor pid=92746)[0m Client 35: Loading data partition manually from /homes/01/sxbhattarai/sec-agg/data...[32m [repeated 22x across cluster][0m
[36m(ClientAppActor pid=92722)[0m Client 47: Successfully created manual partition with 655 samples.[32m [repeated 18x across cluster][0m
[36m(ClientAppActor pid=92745)[0m Client 63: Loading data partition manually from /homes/01/sxbhattarai/sec-agg/data...[32m [repeated 20x across cluster][0m
[36m(ClientAppActor pid=92742)[0m Client 15: Successfully created manual partition with 735 samples.[32m [repeated 20x across cluster][0m
[36m(ClientAppActor pid=92745)[0m Client 17: Loading data partition manually from /homes/01/sxbhattarai/sec-agg/data...[32m [repeated 19x across cluster][0m
[36m(ClientAppActor pid=92742)[0m Client 12: Successfully created manual partition with 562 samples.[32m [repeated 22x across cluster][0m
[36m(ClientAppActor pid=92741)[0m Client 28: Loading data partition manually from /homes/01/sxbhattarai/sec-agg/data...[32m [repeated 18x across cluster][0m
[36m(ClientAppActor pid=92743)[0m Client 96: Successfully created manual partition with 607 samples.[32m [repeated 16x across cluster][0m
[36m(ClientAppActor pid=92746)[0m Client 66: Loading data partition manually from /homes/01/sxbhattarai/sec-agg/data...[32m [repeated 19x across cluster][0m
[36m(ClientAppActor pid=92741)[0m Client 87: Successfully created manual partition with 335 samples.[32m [repeated 21x across cluster][0m
[36m(ClientAppActor pid=92741)[0m Client 5: Loading data partition manually from /homes/01/sxbhattarai/sec-agg/data...[32m [repeated 2x across cluster][0m
[36m(ClientAppActor pid=92746)[0m Client 66: Successfully created manual partition with 413 samples.[32m [repeated 3x across cluster][0m
[36m(ClientAppActor pid=92745)[0m Client 58: Loading data partition manually from /homes/01/sxbhattarai/sec-agg/data...[32m [repeated 20x across cluster][0m
[36m(ClientAppActor pid=92741)[0m Client 1: Successfully created manual partition with 955 samples.[32m [repeated 20x across cluster][0m
[36m(ClientAppActor pid=92739)[0m Client 16: Loading data partition manually from /homes/01/sxbhattarai/sec-agg/data...[32m [repeated 19x across cluster][0m
[36m(ClientAppActor pid=92741)[0m Client 24: Successfully created manual partition with 355 samples.[32m [repeated 18x across cluster][0m
[36m(ClientAppActor pid=92742)[0m Client 73: Loading data partition manually from /homes/01/sxbhattarai/sec-agg/data...[32m [repeated 17x across cluster][0m
[36m(ClientAppActor pid=92744)[0m Client 45: Successfully created manual partition with 615 samples.[32m [repeated 15x across cluster][0m
[36m(ClientAppActor pid=92739)[0m Client 36: Loading data partition manually from /homes/01/sxbhattarai/sec-agg/data...[32m [repeated 20x across cluster][0m
[36m(ClientAppActor pid=92741)[0m Client 35: Successfully created manual partition with 304 samples.[32m [repeated 21x across cluster][0m
[36m(ClientAppActor pid=92741)[0m Client 11: Loading data partition manually from /homes/01/sxbhattarai/sec-agg/data...[32m [repeated 20x across cluster][0m
[36m(ClientAppActor pid=92741)[0m Client 11: Successfully created manual partition with 264 samples.[32m [repeated 23x across cluster][0m
[36m(ClientAppActor pid=92741)[0m Client 98: Loading data partition manually from /homes/01/sxbhattarai/sec-agg/data...[32m [repeated 4x across cluster][0m
[36m(ClientAppActor pid=92741)[0m Client 4: Successfully created manual partition with 1354 samples.[32m [repeated 3x across cluster][0m
[36m(ClientAppActor pid=92742)[0m Client 37: Loading data partition manually from /homes/01/sxbhattarai/sec-agg/data...[32m [repeated 22x across cluster][0m
[36m(ClientAppActor pid=92744)[0m Client 27: Successfully created manual partition with 873 samples.[32m [repeated 19x across cluster][0m
[36m(ClientAppActor pid=92745)[0m Client 83: Loading data partition manually from /homes/01/sxbhattarai/sec-agg/data...[32m [repeated 20x across cluster][0m
[36m(ClientAppActor pid=92743)[0m Client 17: Successfully created manual partition with 432 samples.[32m [repeated 21x across cluster][0m
[36m(ClientAppActor pid=92722)[0m Client 48: Loading data partition manually from /homes/01/sxbhattarai/sec-agg/data...[32m [repeated 17x across cluster][0m
[36m(ClientAppActor pid=92742)[0m Client 22: Successfully created manual partition with 794 samples.[32m [repeated 15x across cluster][0m
[36m(ClientAppActor pid=92741)[0m Client 31: Loading data partition manually from /homes/01/sxbhattarai/sec-agg/data...[32m [repeated 19x across cluster][0m
[36m(ClientAppActor pid=92739)[0m Client 41: Successfully created manual partition with 362 samples.[32m [repeated 22x across cluster][0m
[36m(ClientAppActor pid=92741)[0m Client 15: Loading data partition manually from /homes/01/sxbhattarai/sec-agg/data...[32m [repeated 19x across cluster][0m
[36m(ClientAppActor pid=92742)[0m Client 5: Successfully created manual partition with 372 samples.[32m [repeated 17x across cluster][0m
[36m(ClientAppActor pid=92741)[0m Client 99: Loading data partition manually from /homes/01/sxbhattarai/sec-agg/data...[32m [repeated 3x across cluster][0m
[36m(ClientAppActor pid=92745)[0m Client 93: Successfully created manual partition with 179 samples.[32m [repeated 6x across cluster][0m
[36m(ClientAppActor pid=92741)[0m Client 49: Loading data partition manually from /homes/01/sxbhattarai/sec-agg/data...[32m [repeated 22x across cluster][0m
[36m(ClientAppActor pid=92739)[0m Client 39: Successfully created manual partition with 363 samples.[32m [repeated 20x across cluster][0m
[36m(ClientAppActor pid=92741)[0m Client 98: Loading data partition manually from /homes/01/sxbhattarai/sec-agg/data...[32m [repeated 20x across cluster][0m
[36m(ClientAppActor pid=92745)[0m Client 55: Successfully created manual partition with 936 samples.[32m [repeated 19x across cluster][0m
[36m(ClientAppActor pid=92743)[0m Client 88: Loading data partition manually from /homes/01/sxbhattarai/sec-agg/data...[32m [repeated 15x across cluster][0m
[36m(ClientAppActor pid=92722)[0m Client 51: Successfully created manual partition with 366 samples.[32m [repeated 18x across cluster][0m
[36m(ClientAppActor pid=92746)[0m Client 20: Loading data partition manually from /homes/01/sxbhattarai/sec-agg/data...[32m [repeated 18x across cluster][0m
[36m(ClientAppActor pid=92743)[0m Client 9: Successfully created manual partition with 267 samples.[32m [repeated 18x across cluster][0m
[36m(ClientAppActor pid=92745)[0m Client 85: Loading data partition manually from /homes/01/sxbhattarai/sec-agg/data...[32m [repeated 23x across cluster][0m
[36m(ClientAppActor pid=92744)[0m Client 35: Successfully created manual partition with 304 samples.[32m [repeated 20x across cluster][0m
[36m(ClientAppActor pid=92741)[0m Client 44: Loading data partition manually from /homes/01/sxbhattarai/sec-agg/data...[32m [repeated 2x across cluster][0m
[36m(ClientAppActor pid=92744)[0m Client 40: Successfully created manual partition with 724 samples.[32m [repeated 5x across cluster][0m
[36m(ClientAppActor pid=92745)[0m Client 32: Loading data partition manually from /homes/01/sxbhattarai/sec-agg/data...[32m [repeated 21x across cluster][0m
[36m(ClientAppActor pid=92742)[0m Client 53: Successfully created manual partition with 637 samples.[32m [repeated 19x across cluster][0m
[36m(ClientAppActor pid=92739)[0m Client 42: Loading data partition manually from /homes/01/sxbhattarai/sec-agg/data...[32m [repeated 20x across cluster][0m
[36m(ClientAppActor pid=92744)[0m Client 79: Successfully created manual partition with 220 samples.[32m [repeated 21x across cluster][0m
[36m(ClientAppActor pid=92742)[0m Client 14: Loading data partition manually from /homes/01/sxbhattarai/sec-agg/data...[32m [repeated 17x across cluster][0m
[36m(ClientAppActor pid=92746)[0m Client 16: Successfully created manual partition with 1015 samples.[32m [repeated 17x across cluster][0m
[36m(ClientAppActor pid=92743)[0m Client 75: Loading data partition manually from /homes/01/sxbhattarai/sec-agg/data...[32m [repeated 22x across cluster][0m
[36m(ClientAppActor pid=92722)[0m Client 38: Successfully created manual partition with 580 samples.[32m [repeated 19x across cluster][0m
[36m(ClientAppActor pid=92743)[0m Client 12: Loading data partition manually from /homes/01/sxbhattarai/sec-agg/data...[32m [repeated 18x across cluster][0m
[36m(ClientAppActor pid=92746)[0m Client 47: Successfully created manual partition with 655 samples.[32m [repeated 21x across cluster][0m
[36m(ClientAppActor pid=92741)[0m Client 49: Loading data partition manually from /homes/01/sxbhattarai/sec-agg/data...[32m [repeated 2x across cluster][0m
[36m(ClientAppActor pid=92744)[0m Client 49: Successfully created manual partition with 236 samples.[32m [repeated 3x across cluster][0m
[36m(ClientAppActor pid=92746)[0m Client 95: Loading data partition manually from /homes/01/sxbhattarai/sec-agg/data...[32m [repeated 23x across cluster][0m
[36m(ClientAppActor pid=92744)[0m Client 79: Successfully created manual partition with 220 samples.[32m [repeated 21x across cluster][0m
[36m(ClientAppActor pid=92746)[0m Client 80: Loading data partition manually from /homes/01/sxbhattarai/sec-agg/data...[32m [repeated 20x across cluster][0m
[36m(ClientAppActor pid=92744)[0m Client 34: Successfully created manual partition with 408 samples.[32m [repeated 18x across cluster][0m
[36m(ClientAppActor pid=92746)[0m Client 24: Loading data partition manually from /homes/01/sxbhattarai/sec-agg/data...[32m [repeated 17x across cluster][0m
[36m(ClientAppActor pid=92739)[0m Client 11: Successfully created manual partition with 264 samples.[32m [repeated 21x across cluster][0m
[36m(ClientAppActor pid=92743)[0m Client 4: Loading data partition manually from /homes/01/sxbhattarai/sec-agg/data...[32m [repeated 19x across cluster][0m
[36m(ClientAppActor pid=92722)[0m Client 28: Successfully created manual partition with 386 samples.[32m [repeated 19x across cluster][0m
[36m(ClientAppActor pid=92741)[0m Client 75: Loading data partition manually from /homes/01/sxbhattarai/sec-agg/data...[32m [repeated 20x across cluster][0m
[36m(ClientAppActor pid=92742)[0m Client 37: Successfully created manual partition with 352 samples.[32m [repeated 17x across cluster][0m
[36m(ClientAppActor pid=92741)[0m Client 85: Loading data partition manually from /homes/01/sxbhattarai/sec-agg/data...
[36m(ClientAppActor pid=92746)[0m Client 6: Successfully created manual partition with 362 samples.[32m [repeated 4x across cluster][0m
[36m(ClientAppActor pid=92722)[0m Client 78: Loading data partition manually from /homes/01/sxbhattarai/sec-agg/data...
[36m(ClientAppActor pid=92746)[0m Client 9: Successfully created manual partition with 267 samples.[32m [repeated 21x across cluster][0m
[36m(ClientAppActor pid=92742)[0m Client 96: Loading data partition manually from /homes/01/sxbhattarai/sec-agg/data...[32m [repeated 23x across cluster][0m
[36m(ClientAppActor pid=92746)[0m Client 2: Successfully created manual partition with 169 samples.[32m [repeated 19x across cluster][0m
[36m(ClientAppActor pid=92739)[0m Client 12: Loading data partition manually from /homes/01/sxbhattarai/sec-agg/data...[32m [repeated 19x across cluster][0m
[36m(ClientAppActor pid=92722)[0m Client 41: Successfully created manual partition with 362 samples.[32m [repeated 20x across cluster][0m
[36m(ClientAppActor pid=92722)[0m Client 41: Loading data partition manually from /homes/01/sxbhattarai/sec-agg/data...[32m [repeated 16x across cluster][0m
[36m(ClientAppActor pid=92746)[0m Client 16: Successfully created manual partition with 1015 samples.[32m [repeated 16x across cluster][0m
[36m(ClientAppActor pid=92744)[0m Client 68: Loading data partition manually from /homes/01/sxbhattarai/sec-agg/data...[32m [repeated 18x across cluster][0m
[36m(ClientAppActor pid=92743)[0m Client 80: Successfully created manual partition with 798 samples.[32m [repeated 20x across cluster][0m
[36m(ClientAppActor pid=92744)[0m Client 33: Loading data partition manually from /homes/01/sxbhattarai/sec-agg/data...[32m [repeated 19x across cluster][0m
[36m(ClientAppActor pid=92745)[0m Client 82: Successfully created manual partition with 499 samples.[32m [repeated 4x across cluster][0m
[36m(ClientAppActor pid=92741)[0m Client 71: Loading data partition manually from /homes/01/sxbhattarai/sec-agg/data...[32m [repeated 4x across cluster][0m
[36m(ClientAppActor pid=92742)[0m Client 60: Successfully created manual partition with 461 samples.[32m [repeated 19x across cluster][0m
[36m(ClientAppActor pid=92745)[0m Client 62: Loading data partition manually from /homes/01/sxbhattarai/sec-agg/data...[32m [repeated 21x across cluster][0m
[36m(ClientAppActor pid=92744)[0m Client 34: Successfully created manual partition with 408 samples.[32m [repeated 19x across cluster][0m
[36m(ClientAppActor pid=92722)[0m Client 18: Loading data partition manually from /homes/01/sxbhattarai/sec-agg/data...[32m [repeated 18x across cluster][0m
[36m(ClientAppActor pid=92746)[0m Client 10: Successfully created manual partition with 538 samples.[32m [repeated 17x across cluster][0m
[36m(ClientAppActor pid=92743)[0m Client 91: Loading data partition manually from /homes/01/sxbhattarai/sec-agg/data...[32m [repeated 18x across cluster][0m
[36m(ClientAppActor pid=92739)[0m Client 69: Successfully created manual partition with 363 samples.[32m [repeated 18x across cluster][0m
[36m(ClientAppActor pid=92746)[0m Client 44: Loading data partition manually from /homes/01/sxbhattarai/sec-agg/data...[32m [repeated 17x across cluster][0m
[36m(ClientAppActor pid=92743)[0m Client 29: Successfully created manual partition with 421 samples.[32m [repeated 20x across cluster][0m
[36m(ClientAppActor pid=92745)[0m Client 24: Loading data partition manually from /homes/01/sxbhattarai/sec-agg/data...[32m [repeated 20x across cluster][0m
[36m(ClientAppActor pid=92741)[0m Client 52: Successfully created manual partition with 334 samples.[32m [repeated 7x across cluster][0m
[36m(ClientAppActor pid=92741)[0m Client 54: Loading data partition manually from /homes/01/sxbhattarai/sec-agg/data...[32m [repeated 6x across cluster][0m
[36m(ClientAppActor pid=92746)[0m Client 4: Successfully created manual partition with 1354 samples.[32m [repeated 19x across cluster][0m
[36m(ClientAppActor pid=92743)[0m Client 97: Loading data partition manually from /homes/01/sxbhattarai/sec-agg/data...[32m [repeated 23x across cluster][0m
[36m(ClientAppActor pid=92745)[0m Client 46: Successfully created manual partition with 258 samples.[32m [repeated 21x across cluster][0m
[36m(ClientAppActor pid=92743)[0m Client 31: Loading data partition manually from /homes/01/sxbhattarai/sec-agg/data...[32m [repeated 20x across cluster][0m
[36m(ClientAppActor pid=92739)[0m Client 82: Successfully created manual partition with 499 samples.[32m [repeated 17x across cluster][0m
[36m(ClientAppActor pid=92743)[0m Client 41: Loading data partition manually from /homes/01/sxbhattarai/sec-agg/data...[32m [repeated 18x across cluster][0m
[36m(ClientAppActor pid=92741)[0m Client 66: Successfully created manual partition with 413 samples.[32m [repeated 18x across cluster][0m
[36m(ClientAppActor pid=92743)[0m Client 75: Loading data partition manually from /homes/01/sxbhattarai/sec-agg/data...[32m [repeated 16x across cluster][0m
[36m(ClientAppActor pid=92745)[0m Client 7: Successfully created manual partition with 437 samples.[32m [repeated 20x across cluster][0m
[36m(ClientAppActor pid=92741)[0m Client 52: Loading data partition manually from /homes/01/sxbhattarai/sec-agg/data...[32m [repeated 19x across cluster][0m
[36m(ClientAppActor pid=92722)[0m Client 69: Successfully created manual partition with 363 samples.[32m [repeated 5x across cluster][0m
[36m(ClientAppActor pid=92741)[0m Client 54: Loading data partition manually from /homes/01/sxbhattarai/sec-agg/data...[32m [repeated 4x across cluster][0m
[36m(ClientAppActor pid=92741)[0m Client 92: Successfully created manual partition with 366 samples.[32m [repeated 21x across cluster][0m
[36m(ClientAppActor pid=92743)[0m Client 67: Loading data partition manually from /homes/01/sxbhattarai/sec-agg/data...[32m [repeated 21x across cluster][0m
[36m(ClientAppActor pid=92722)[0m Client 85: Successfully created manual partition with 468 samples.[32m [repeated 19x across cluster][0m
[36m(ClientAppActor pid=92742)[0m Client 8: Loading data partition manually from /homes/01/sxbhattarai/sec-agg/data...[32m [repeated 19x across cluster][0m
[36m(ClientAppActor pid=92741)[0m Client 60: Successfully created manual partition with 461 samples.[32m [repeated 18x across cluster][0m
[36m(ClientAppActor pid=92745)[0m Client 69: Loading data partition manually from /homes/01/sxbhattarai/sec-agg/data...[32m [repeated 19x across cluster][0m
[36m(ClientAppActor pid=92744)[0m Client 0: Successfully created manual partition with 655 samples.[32m [repeated 19x across cluster][0m
[36m(ClientAppActor pid=92722)[0m Client 28: Loading data partition manually from /homes/01/sxbhattarai/sec-agg/data...[32m [repeated 18x across cluster][0m
[36m(ClientAppActor pid=92742)[0m Client 31: Successfully created manual partition with 552 samples.[32m [repeated 19x across cluster][0m
[36m(ClientAppActor pid=92746)[0m Client 52: Loading data partition manually from /homes/01/sxbhattarai/sec-agg/data...[32m [repeated 20x across cluster][0m
Logging final metrics and artifacts...
✅ Artifact 'fedavg_benign_f0_n10_details' logged.
✅ Finished experiment: fedavg_benign_f0_n10
⏱️ Total Simulation Time: 660.83 seconds
🕒 Waiting 5 seconds before next run...

🎉 All experiments completed.

💡 You can now run 'python sec_agg/analysis.py' to generate comparison plots.
[36m(ClientAppActor pid=92744)[0m Client 64: Successfully created manual partition with 502 samples.[32m [repeated 4x across cluster][0m
[36m(ClientAppActor pid=92744)[0m Client 64: Loading data partition manually from /homes/01/sxbhattarai/sec-agg/data...[32m [repeated 2x across cluster][0m
--- Flower Simulation Job Finished ---
