--- Flower Simulation Job Started ---
Job ID: 541127
Host: gpu002.cluster
🚀 Starting simulations with resources per client: {'num_cpus': 2, 'num_gpus': 0.5}

🚀 Starting experiment: fedavg_benign_f0_n10

Loading central test set from: /homes/01/sxbhattarai/sec-agg/data
[36m(ClientAppActor pid=89388)[0m Client 32: Loading data partition manually from /homes/01/sxbhattarai/sec-agg/data...
[36m(ClientAppActor pid=89388)[0m Client 32: Successfully created manual partition with 214 samples.
[36m(ClientAppActor pid=89412)[0m Client 51: Loading data partition manually from /homes/01/sxbhattarai/sec-agg/data...[32m [repeated 51x across cluster][0m
[36m(ClientAppActor pid=89405)[0m Client 45: Successfully created manual partition with 615 samples.[32m [repeated 52x across cluster][0m
[36m(ClientAppActor pid=89388)[0m Client 22: Loading data partition manually from /homes/01/sxbhattarai/sec-agg/data...[32m [repeated 48x across cluster][0m
[36m(ClientAppActor pid=89388)[0m Client 22: Successfully created manual partition with 794 samples.[32m [repeated 47x across cluster][0m
[36m(ClientAppActor pid=89410)[0m Client 72: Loading data partition manually from /homes/01/sxbhattarai/sec-agg/data...[32m [repeated 17x across cluster][0m
[36m(ClientAppActor pid=89388)[0m Client 29: Successfully created manual partition with 421 samples.[32m [repeated 46x across cluster][0m
[36m(ClientAppActor pid=89410)[0m Client 53: Loading data partition manually from /homes/01/sxbhattarai/sec-agg/data...[32m [repeated 52x across cluster][0m
[36m(ClientAppActor pid=89410)[0m Client 73: Successfully created manual partition with 378 samples.[32m [repeated 53x across cluster][0m
[36m(ClientAppActor pid=89410)[0m Client 51: Loading data partition manually from /homes/01/sxbhattarai/sec-agg/data...[32m [repeated 32x across cluster][0m
[36m(ClientAppActor pid=89414)[0m Client 28: Successfully created manual partition with 386 samples.[32m [repeated 15x across cluster][0m
[36m(ClientAppActor pid=89411)[0m Client 10: Loading data partition manually from /homes/01/sxbhattarai/sec-agg/data...[32m [repeated 54x across cluster][0m
[36m(ClientAppActor pid=89413)[0m Client 71: Successfully created manual partition with 555 samples.[32m [repeated 51x across cluster][0m
[36m(ClientAppActor pid=89410)[0m Client 74: Loading data partition manually from /homes/01/sxbhattarai/sec-agg/data...[32m [repeated 46x across cluster][0m
[36m(ClientAppActor pid=89412)[0m Client 65: Successfully created manual partition with 901 samples.[32m [repeated 35x across cluster][0m
[36m(ClientAppActor pid=89388)[0m Client 46: Loading data partition manually from /homes/01/sxbhattarai/sec-agg/data...[32m [repeated 54x across cluster][0m
[36m(ClientAppActor pid=89388)[0m Client 49: Successfully created manual partition with 236 samples.[32m [repeated 47x across cluster][0m
[36m(ClientAppActor pid=89410)[0m Client 26: Loading data partition manually from /homes/01/sxbhattarai/sec-agg/data...[32m [repeated 46x across cluster][0m
[36m(ClientAppActor pid=89388)[0m Client 60: Successfully created manual partition with 461 samples.[32m [repeated 53x across cluster][0m
[36m(ClientAppActor pid=89388)[0m Client 58: Loading data partition manually from /homes/01/sxbhattarai/sec-agg/data...[32m [repeated 54x across cluster][0m
[36m(ClientAppActor pid=89388)[0m Client 90: Successfully created manual partition with 696 samples.[32m [repeated 47x across cluster][0m
[36m(ClientAppActor pid=89388)[0m Client 76: Loading data partition manually from /homes/01/sxbhattarai/sec-agg/data...[32m [repeated 46x across cluster][0m
[36m(ClientAppActor pid=89388)[0m Client 22: Successfully created manual partition with 794 samples.[32m [repeated 53x across cluster][0m
[36m(ClientAppActor pid=89388)[0m Client 46: Loading data partition manually from /homes/01/sxbhattarai/sec-agg/data...[32m [repeated 54x across cluster][0m
[36m(ClientAppActor pid=89388)[0m Client 38: Successfully created manual partition with 580 samples.[32m [repeated 47x across cluster][0m
[36m(ClientAppActor pid=89414)[0m Client 99: Loading data partition manually from /homes/01/sxbhattarai/sec-agg/data...[32m [repeated 45x across cluster][0m
[36m(ClientAppActor pid=89410)[0m Client 58: Successfully created manual partition with 117 samples.[32m [repeated 52x across cluster][0m
[36m(ClientAppActor pid=89414)[0m Client 15: Loading data partition manually from /homes/01/sxbhattarai/sec-agg/data...[32m [repeated 17x across cluster][0m
[36m(ClientAppActor pid=89414)[0m Client 27: Successfully created manual partition with 873 samples.[32m [repeated 10x across cluster][0m
[36m(ClientAppActor pid=89388)[0m Client 94: Loading data partition manually from /homes/01/sxbhattarai/sec-agg/data...[32m [repeated 53x across cluster][0m
[36m(ClientAppActor pid=89405)[0m Client 91: Successfully created manual partition with 649 samples.[32m [repeated 54x across cluster][0m
[36m(ClientAppActor pid=89410)[0m Client 60: Loading data partition manually from /homes/01/sxbhattarai/sec-agg/data...[32m [repeated 31x across cluster][0m
[36m(ClientAppActor pid=89388)[0m Client 76: Successfully created manual partition with 480 samples.[32m [repeated 37x across cluster][0m
[36m(ClientAppActor pid=89410)[0m Client 89: Loading data partition manually from /homes/01/sxbhattarai/sec-agg/data...[32m [repeated 53x across cluster][0m
[36m(ClientAppActor pid=89388)[0m Client 82: Successfully created manual partition with 499 samples.[32m [repeated 47x across cluster][0m
[36m(ClientAppActor pid=89410)[0m Client 0: Loading data partition manually from /homes/01/sxbhattarai/sec-agg/data...[32m [repeated 47x across cluster][0m
[36m(ClientAppActor pid=89410)[0m Client 93: Successfully created manual partition with 179 samples.[32m [repeated 53x across cluster][0m
[36m(ClientAppActor pid=89413)[0m Client 35: Loading data partition manually from /homes/01/sxbhattarai/sec-agg/data...[32m [repeated 54x across cluster][0m
[36m(ClientAppActor pid=89413)[0m Client 95: Successfully created manual partition with 291 samples.[32m [repeated 47x across cluster][0m
[36m(ClientAppActor pid=89410)[0m Client 10: Loading data partition manually from /homes/01/sxbhattarai/sec-agg/data...[32m [repeated 46x across cluster][0m
[36m(ClientAppActor pid=89405)[0m Client 15: Successfully created manual partition with 735 samples.[32m [repeated 53x across cluster][0m
[36m(ClientAppActor pid=89388)[0m Client 70: Loading data partition manually from /homes/01/sxbhattarai/sec-agg/data...[32m [repeated 54x across cluster][0m
[36m(ClientAppActor pid=89388)[0m Client 3: Successfully created manual partition with 1029 samples.[32m [repeated 47x across cluster][0m
[36m(ClientAppActor pid=89388)[0m Client 91: Loading data partition manually from /homes/01/sxbhattarai/sec-agg/data...[32m [repeated 45x across cluster][0m
[36m(ClientAppActor pid=89388)[0m Client 91: Successfully created manual partition with 649 samples.[32m [repeated 53x across cluster][0m
[36m(ClientAppActor pid=89410)[0m Client 48: Loading data partition manually from /homes/01/sxbhattarai/sec-agg/data...[32m [repeated 22x across cluster][0m
[36m(ClientAppActor pid=89410)[0m Client 86: Successfully created manual partition with 653 samples.[32m [repeated 14x across cluster][0m
[36m(ClientAppActor pid=89411)[0m Client 85: Loading data partition manually from /homes/01/sxbhattarai/sec-agg/data...[32m [repeated 49x across cluster][0m
[36m(ClientAppActor pid=89411)[0m Client 30: Successfully created manual partition with 404 samples.[32m [repeated 49x across cluster][0m
[36m(ClientAppActor pid=89410)[0m Client 92: Loading data partition manually from /homes/01/sxbhattarai/sec-agg/data...[32m [repeated 30x across cluster][0m
[36m(ClientAppActor pid=89410)[0m Client 54: Successfully created manual partition with 280 samples.[32m [repeated 37x across cluster][0m
[36m(ClientAppActor pid=89410)[0m Client 78: Loading data partition manually from /homes/01/sxbhattarai/sec-agg/data...[32m [repeated 53x across cluster][0m
[36m(ClientAppActor pid=89388)[0m Client 68: Successfully created manual partition with 150 samples.[32m [repeated 47x across cluster][0m
[36m(ClientAppActor pid=89412)[0m Client 76: Loading data partition manually from /homes/01/sxbhattarai/sec-agg/data...[32m [repeated 47x across cluster][0m
[36m(ClientAppActor pid=89409)[0m Client 62: Successfully created manual partition with 508 samples.[32m [repeated 53x across cluster][0m
[36m(ClientAppActor pid=89410)[0m Client 8: Loading data partition manually from /homes/01/sxbhattarai/sec-agg/data...[32m [repeated 55x across cluster][0m
[36m(ClientAppActor pid=89405)[0m Client 5: Successfully created manual partition with 372 samples.[32m [repeated 49x across cluster][0m
[36m(ClientAppActor pid=89410)[0m Client 84: Loading data partition manually from /homes/01/sxbhattarai/sec-agg/data...[32m [repeated 45x across cluster][0m
[36m(ClientAppActor pid=89411)[0m Client 80: Successfully created manual partition with 798 samples.[32m [repeated 51x across cluster][0m
[36m(ClientAppActor pid=89388)[0m Client 67: Loading data partition manually from /homes/01/sxbhattarai/sec-agg/data...[32m [repeated 54x across cluster][0m
[36m(ClientAppActor pid=89388)[0m Client 27: Successfully created manual partition with 873 samples.[32m [repeated 48x across cluster][0m
[36m(ClientAppActor pid=89410)[0m Client 26: Loading data partition manually from /homes/01/sxbhattarai/sec-agg/data...[32m [repeated 46x across cluster][0m
[36m(ClientAppActor pid=89411)[0m Client 96: Successfully created manual partition with 607 samples.[32m [repeated 52x across cluster][0m
[36m(ClientAppActor pid=89388)[0m Client 73: Loading data partition manually from /homes/01/sxbhattarai/sec-agg/data...[32m [repeated 53x across cluster][0m
[36m(ClientAppActor pid=89414)[0m Client 75: Successfully created manual partition with 1619 samples.[32m [repeated 47x across cluster][0m
[36m(ClientAppActor pid=89388)[0m Client 33: Loading data partition manually from /homes/01/sxbhattarai/sec-agg/data...[32m [repeated 46x across cluster][0m
[36m(ClientAppActor pid=89388)[0m Client 33: Successfully created manual partition with 541 samples.[32m [repeated 53x across cluster][0m
[36m(ClientAppActor pid=89412)[0m Client 12: Loading data partition manually from /homes/01/sxbhattarai/sec-agg/data...[32m [repeated 23x across cluster][0m
[36m(ClientAppActor pid=89412)[0m Client 84: Successfully created manual partition with 482 samples.[32m [repeated 15x across cluster][0m
[36m(ClientAppActor pid=89411)[0m Client 9: Loading data partition manually from /homes/01/sxbhattarai/sec-agg/data...[32m [repeated 49x across cluster][0m
[36m(ClientAppActor pid=89410)[0m Client 6: Successfully created manual partition with 362 samples.[32m [repeated 50x across cluster][0m
[36m(ClientAppActor pid=89410)[0m Client 72: Loading data partition manually from /homes/01/sxbhattarai/sec-agg/data...[32m [repeated 29x across cluster][0m
[36m(ClientAppActor pid=89405)[0m Client 96: Successfully created manual partition with 607 samples.[32m [repeated 35x across cluster][0m
[36m(ClientAppActor pid=89411)[0m Client 31: Loading data partition manually from /homes/01/sxbhattarai/sec-agg/data...[32m [repeated 54x across cluster][0m
[36m(ClientAppActor pid=89411)[0m Client 21: Successfully created manual partition with 182 samples.[32m [repeated 47x across cluster][0m
[36m(ClientAppActor pid=89414)[0m Client 97: Loading data partition manually from /homes/01/sxbhattarai/sec-agg/data...[32m [repeated 45x across cluster][0m
[36m(ClientAppActor pid=89414)[0m Client 97: Successfully created manual partition with 546 samples.[32m [repeated 52x across cluster][0m
[36m(ClientAppActor pid=89414)[0m Client 25: Loading data partition manually from /homes/01/sxbhattarai/sec-agg/data...[32m [repeated 17x across cluster][0m
[36m(ClientAppActor pid=89414)[0m Client 64: Successfully created manual partition with 502 samples.[32m [repeated 10x across cluster][0m
[36m(ClientAppActor pid=89411)[0m Client 16: Loading data partition manually from /homes/01/sxbhattarai/sec-agg/data...[32m [repeated 54x across cluster][0m
[36m(ClientAppActor pid=89411)[0m Client 70: Successfully created manual partition with 677 samples.[32m [repeated 54x across cluster][0m
[36m(ClientAppActor pid=89410)[0m Client 82: Loading data partition manually from /homes/01/sxbhattarai/sec-agg/data...[32m [repeated 30x across cluster][0m
[36m(ClientAppActor pid=89410)[0m Client 4: Successfully created manual partition with 1354 samples.[32m [repeated 37x across cluster][0m
[36m(ClientAppActor pid=89412)[0m Client 15: Loading data partition manually from /homes/01/sxbhattarai/sec-agg/data...[32m [repeated 55x across cluster][0m
[36m(ClientAppActor pid=89412)[0m Client 89: Successfully created manual partition with 847 samples.[32m [repeated 48x across cluster][0m
[36m(ClientAppActor pid=89410)[0m Client 38: Loading data partition manually from /homes/01/sxbhattarai/sec-agg/data...[32m [repeated 44x across cluster][0m
[36m(ClientAppActor pid=89410)[0m Client 38: Successfully created manual partition with 580 samples.[32m [repeated 51x across cluster][0m
[36m(ClientAppActor pid=89410)[0m Client 11: Loading data partition manually from /homes/01/sxbhattarai/sec-agg/data...[32m [repeated 17x across cluster][0m
[36m(ClientAppActor pid=89410)[0m Client 57: Successfully created manual partition with 477 samples.[32m [repeated 10x across cluster][0m
[36m(ClientAppActor pid=89411)[0m Client 64: Loading data partition manually from /homes/01/sxbhattarai/sec-agg/data...[32m [repeated 54x across cluster][0m
[36m(ClientAppActor pid=89411)[0m Client 32: Successfully created manual partition with 214 samples.[32m [repeated 54x across cluster][0m
Logging final metrics and artifacts...
✅ Artifact 'fedavg_benign_f0_n10_details' logged.
✅ Finished experiment: fedavg_benign_f0_n10
⏱️ Total Simulation Time: 288.71 seconds
🕒 Waiting 5 seconds before next run...

🎉 All experiments completed.

💡 You can now run 'python sec_agg/analysis.py' to generate comparison plots.
[36m(ClientAppActor pid=89405)[0m Client 78: Loading data partition manually from /homes/01/sxbhattarai/sec-agg/data...[32m [repeated 29x across cluster][0m
[36m(ClientAppActor pid=89411)[0m Client 62: Successfully created manual partition with 508 samples.[32m [repeated 37x across cluster][0m
--- Flower Simulation Job Finished ---
