--- Flower Simulation Job Started ---
Job ID: 541117
Host: gpu002.cluster
🚀 Starting simulations with resources per client: {'num_cpus': 2, 'num_gpus': 0.5}

🚀 Starting experiment: fedavg_benign_f0_n10

Loading central test set from: /homes/01/sxbhattarai/sec-agg/data
[36m(ClientAppActor pid=73031)[0m [DEBUG] Client Context(run_id=0, node_id=3373841256096537146, node_config={'partition-id': '5', 'num-partitions': '10'}, state=RecordDict(
[36m(ClientAppActor pid=73031)[0m   array_records={},
[36m(ClientAppActor pid=73031)[0m   metric_records={},
[36m(ClientAppActor pid=73031)[0m   config_records={}
[36m(ClientAppActor pid=73031)[0m ), run_config={}): Inside client_fn.
[36m(ClientAppActor pid=73031)[0m [DEBUG] Client Context(run_id=0, node_id=3373841256096537146, node_config={'partition-id': '5', 'num-partitions': '10'}, state=RecordDict(
[36m(ClientAppActor pid=73031)[0m   array_records={},
[36m(ClientAppActor pid=73031)[0m   metric_records={},
[36m(ClientAppActor pid=73031)[0m   config_records={}
[36m(ClientAppActor pid=73031)[0m ), run_config={}): Initializing Net()...
[36m(ClientAppActor pid=73031)[0m [DEBUG] Client Context(run_id=0, node_id=3373841256096537146, node_config={'partition-id': '5', 'num-partitions': '10'}, state=RecordDict(
[36m(ClientAppActor pid=73031)[0m   array_records={},
[36m(ClientAppActor pid=73031)[0m   metric_records={},
[36m(ClientAppActor pid=73031)[0m   config_records={}
[36m(ClientAppActor pid=73031)[0m ), run_config={}): Net() initialized. Moving to device: cuda:0...
[36m(ClientAppActor pid=73031)[0m ), run_config={}): Model successfully moved to device.
[36m(ClientAppActor pid=73031)[0m ), run_config={}): Calling load_data...
[36m(ClientAppActor pid=73031)[0m Client Context(run_id=0, node_id=3373841256096537146, node_config={'partition-id': '5', 'num-partitions': '10'}, state=RecordDict(
[36m(ClientAppActor pid=73031)[0m ), run_config={}): Loading data partition manually from /homes/01/sxbhattarai/sec-agg/data...
[36m(ClientAppActor pid=73033)[0m [DEBUG] Client Context(run_id=0, node_id=10004782702109584299, node_config={'partition-id': '8', 'num-partitions': '10'}, state=RecordDict([32m [repeated 52x across cluster] (Ray deduplicates logs by default. Set RAY_DEDUP_LOGS=0 to disable log deduplication, or see https://docs.ray.io/en/master/ray-observability/user-guides/configure-logging.html#log-deduplication for more options.)[0m
[36m(ClientAppActor pid=73033)[0m   array_records={},[32m [repeated 63x across cluster][0m
[36m(ClientAppActor pid=73033)[0m   metric_records={},[32m [repeated 63x across cluster][0m
[36m(ClientAppActor pid=73033)[0m   config_records={}[32m [repeated 63x across cluster][0m
[36m(ClientAppActor pid=73033)[0m ), run_config={}): Inside client_fn.[32m [repeated 10x across cluster][0m
[36m(ClientAppActor pid=73033)[0m ), run_config={}): Initializing Net()...[32m [repeated 10x across cluster][0m
[36m(ClientAppActor pid=73033)[0m ), run_config={}): Net() initialized. Moving to device: cuda:0...[32m [repeated 10x across cluster][0m
[36m(ClientAppActor pid=73033)[0m ), run_config={}): Model successfully moved to device.[32m [repeated 18x across cluster][0m
[36m(ClientAppActor pid=73033)[0m ), run_config={}): Calling load_data...[32m [repeated 18x across cluster][0m
[36m(ClientAppActor pid=73033)[0m Client Context(run_id=0, node_id=8670305283568850652, node_config={'partition-id': '9', 'num-partitions': '10'}, state=RecordDict([32m [repeated 18x across cluster][0m
[36m(ClientAppActor pid=73033)[0m ), run_config={}): Loading data partition manually from /homes/01/sxbhattarai/sec-agg/data...[32m [repeated 18x across cluster][0m
[36m(ClientAppActor pid=73033)[0m [DEBUG] Client Context(run_id=0, node_id=8543846774938405589, node_config={'partition-id': '6', 'num-partitions': '10'}, state=RecordDict([32m [repeated 50x across cluster][0m
[36m(ClientAppActor pid=73033)[0m   array_records={},[32m [repeated 60x across cluster][0m
[36m(ClientAppActor pid=73033)[0m   metric_records={},[32m [repeated 60x across cluster][0m
[36m(ClientAppActor pid=73033)[0m   config_records={}[32m [repeated 60x across cluster][0m
[36m(ClientAppActor pid=73033)[0m ), run_config={}): Inside client_fn.[32m [repeated 10x across cluster][0m
[36m(ClientAppActor pid=73033)[0m ), run_config={}): Initializing Net()...[32m [repeated 10x across cluster][0m
[36m(ClientAppActor pid=73033)[0m ), run_config={}): Net() initialized. Moving to device: cuda:0...[32m [repeated 10x across cluster][0m
[36m(ClientAppActor pid=73033)[0m ), run_config={}): Model successfully moved to device.[32m [repeated 10x across cluster][0m
[36m(ClientAppActor pid=73033)[0m ), run_config={}): Calling load_data...[32m [repeated 10x across cluster][0m
[36m(ClientAppActor pid=73033)[0m Client Context(run_id=0, node_id=5397810656253925862, node_config={'partition-id': '4', 'num-partitions': '10'}, state=RecordDict([32m [repeated 10x across cluster][0m
[36m(ClientAppActor pid=73033)[0m ), run_config={}): Loading data partition manually from /homes/01/sxbhattarai/sec-agg/data...[32m [repeated 10x across cluster][0m
[36m(ClientAppActor pid=73031)[0m [DEBUG] Client Context(run_id=0, node_id=12055831583718793152, node_config={'partition-id': '3', 'num-partitions': '10'}, state=RecordDict([32m [repeated 88x across cluster][0m
[36m(ClientAppActor pid=73031)[0m   array_records={},[32m [repeated 105x across cluster][0m
[36m(ClientAppActor pid=73031)[0m   metric_records={},[32m [repeated 105x across cluster][0m
[36m(ClientAppActor pid=73031)[0m   config_records={}[32m [repeated 105x across cluster][0m
[36m(ClientAppActor pid=73031)[0m ), run_config={}): Inside client_fn.[32m [repeated 18x across cluster][0m
[36m(ClientAppActor pid=73031)[0m ), run_config={}): Initializing Net()...[32m [repeated 18x across cluster][0m
[36m(ClientAppActor pid=73031)[0m ), run_config={}): Net() initialized. Moving to device: cuda:0...[32m [repeated 18x across cluster][0m
[36m(ClientAppActor pid=73010)[0m ), run_config={}): Model successfully moved to device.[32m [repeated 12x across cluster][0m
[36m(ClientAppActor pid=73010)[0m ), run_config={}): Calling load_data...[32m [repeated 12x across cluster][0m
[36m(ClientAppActor pid=73010)[0m Client Context(run_id=0, node_id=1448956693983831668, node_config={'partition-id': '7', 'num-partitions': '10'}, state=RecordDict([32m [repeated 12x across cluster][0m
[36m(ClientAppActor pid=73010)[0m ), run_config={}): Loading data partition manually from /homes/01/sxbhattarai/sec-agg/data...[32m [repeated 12x across cluster][0m
[36m(ClientAppActor pid=73031)[0m [DEBUG] Client Context(run_id=0, node_id=5455620886173916170, node_config={'partition-id': '0', 'num-partitions': '10'}, state=RecordDict([32m [repeated 52x across cluster][0m
[36m(ClientAppActor pid=73031)[0m   array_records={},[32m [repeated 63x across cluster][0m
[36m(ClientAppActor pid=73031)[0m   metric_records={},[32m [repeated 63x across cluster][0m
[36m(ClientAppActor pid=73031)[0m   config_records={}[32m [repeated 63x across cluster][0m
[36m(ClientAppActor pid=73031)[0m ), run_config={}): Inside client_fn.[32m [repeated 10x across cluster][0m
[36m(ClientAppActor pid=73031)[0m ), run_config={}): Initializing Net()...[32m [repeated 10x across cluster][0m
[36m(ClientAppActor pid=73031)[0m ), run_config={}): Net() initialized. Moving to device: cuda:0...[32m [repeated 10x across cluster][0m
[36m(ClientAppActor pid=73033)[0m ), run_config={}): Model successfully moved to device.[32m [repeated 10x across cluster][0m
[36m(ClientAppActor pid=73033)[0m ), run_config={}): Calling load_data...[32m [repeated 10x across cluster][0m
[36m(ClientAppActor pid=73033)[0m Client Context(run_id=0, node_id=8670305283568850652, node_config={'partition-id': '9', 'num-partitions': '10'}, state=RecordDict([32m [repeated 10x across cluster][0m
[36m(ClientAppActor pid=73033)[0m ), run_config={}): Loading data partition manually from /homes/01/sxbhattarai/sec-agg/data...[32m [repeated 10x across cluster][0m
[36m(ClientAppActor pid=73031)[0m [DEBUG] Client Context(run_id=0, node_id=5455620886173916170, node_config={'partition-id': '0', 'num-partitions': '10'}, state=RecordDict([32m [repeated 50x across cluster][0m
[36m(ClientAppActor pid=73031)[0m   array_records={},[32m [repeated 60x across cluster][0m
[36m(ClientAppActor pid=73031)[0m   metric_records={},[32m [repeated 60x across cluster][0m
[36m(ClientAppActor pid=73031)[0m   config_records={}[32m [repeated 60x across cluster][0m
[36m(ClientAppActor pid=73031)[0m ), run_config={}): Inside client_fn.[32m [repeated 10x across cluster][0m
[36m(ClientAppActor pid=73031)[0m ), run_config={}): Initializing Net()...[32m [repeated 10x across cluster][0m
[36m(ClientAppActor pid=73031)[0m ), run_config={}): Net() initialized. Moving to device: cuda:0...[32m [repeated 10x across cluster][0m
[36m(ClientAppActor pid=73030)[0m ), run_config={}): Model successfully moved to device.[32m [repeated 18x across cluster][0m
[36m(ClientAppActor pid=73030)[0m ), run_config={}): Calling load_data...[32m [repeated 18x across cluster][0m
[36m(ClientAppActor pid=73030)[0m Client Context(run_id=0, node_id=10004782702109584299, node_config={'partition-id': '8', 'num-partitions': '10'}, state=RecordDict([32m [repeated 18x across cluster][0m
[36m(ClientAppActor pid=73030)[0m ), run_config={}): Loading data partition manually from /homes/01/sxbhattarai/sec-agg/data...[32m [repeated 18x across cluster][0m
[36m(ClientAppActor pid=73033)[0m [DEBUG] Client Context(run_id=0, node_id=8670305283568850652, node_config={'partition-id': '9', 'num-partitions': '10'}, state=RecordDict([32m [repeated 60x across cluster][0m
[36m(ClientAppActor pid=73033)[0m   array_records={},[32m [repeated 72x across cluster][0m
[36m(ClientAppActor pid=73033)[0m   metric_records={},[32m [repeated 72x across cluster][0m
[36m(ClientAppActor pid=73033)[0m   config_records={}[32m [repeated 72x across cluster][0m
[36m(ClientAppActor pid=73033)[0m ), run_config={}): Inside client_fn.[32m [repeated 12x across cluster][0m
[36m(ClientAppActor pid=73033)[0m ), run_config={}): Initializing Net()...[32m [repeated 12x across cluster][0m
[36m(ClientAppActor pid=73033)[0m ), run_config={}): Net() initialized. Moving to device: cuda:0...[32m [repeated 12x across cluster][0m
[36m(ClientAppActor pid=73031)[0m ), run_config={}): Model successfully moved to device.[32m [repeated 10x across cluster][0m
[36m(ClientAppActor pid=73031)[0m ), run_config={}): Calling load_data...[32m [repeated 10x across cluster][0m
[36m(ClientAppActor pid=73031)[0m Client Context(run_id=0, node_id=16392195138484877208, node_config={'partition-id': '1', 'num-partitions': '10'}, state=RecordDict([32m [repeated 10x across cluster][0m
[36m(ClientAppActor pid=73031)[0m ), run_config={}): Loading data partition manually from /homes/01/sxbhattarai/sec-agg/data...[32m [repeated 10x across cluster][0m
[36m(ClientAppActor pid=73033)[0m [DEBUG] Client Context(run_id=0, node_id=16392195138484877208, node_config={'partition-id': '1', 'num-partitions': '10'}, state=RecordDict([32m [repeated 90x across cluster][0m
[36m(ClientAppActor pid=73033)[0m   array_records={},[32m [repeated 108x across cluster][0m
[36m(ClientAppActor pid=73033)[0m   metric_records={},[32m [repeated 108x across cluster][0m
[36m(ClientAppActor pid=73033)[0m   config_records={}[32m [repeated 108x across cluster][0m
[36m(ClientAppActor pid=73033)[0m ), run_config={}): Inside client_fn.[32m [repeated 18x across cluster][0m
[36m(ClientAppActor pid=73033)[0m ), run_config={}): Initializing Net()...[32m [repeated 18x across cluster][0m
[36m(ClientAppActor pid=73033)[0m ), run_config={}): Net() initialized. Moving to device: cuda:0...[32m [repeated 18x across cluster][0m
[36m(ClientAppActor pid=73033)[0m ), run_config={}): Model successfully moved to device.[32m [repeated 12x across cluster][0m
[36m(ClientAppActor pid=73033)[0m ), run_config={}): Calling load_data...[32m [repeated 12x across cluster][0m
[36m(ClientAppActor pid=73033)[0m Client Context(run_id=0, node_id=8543846774938405589, node_config={'partition-id': '6', 'num-partitions': '10'}, state=RecordDict([32m [repeated 12x across cluster][0m
[36m(ClientAppActor pid=73033)[0m ), run_config={}): Loading data partition manually from /homes/01/sxbhattarai/sec-agg/data...[32m [repeated 12x across cluster][0m
[36m(ClientAppActor pid=73033)[0m [DEBUG] Client Context(run_id=0, node_id=8670305283568850652, node_config={'partition-id': '9', 'num-partitions': '10'}, state=RecordDict([32m [repeated 60x across cluster][0m
[36m(ClientAppActor pid=73033)[0m   array_records={},[32m [repeated 72x across cluster][0m
[36m(ClientAppActor pid=73033)[0m   metric_records={},[32m [repeated 72x across cluster][0m
[36m(ClientAppActor pid=73033)[0m   config_records={}[32m [repeated 72x across cluster][0m
[36m(ClientAppActor pid=73033)[0m ), run_config={}): Inside client_fn.[32m [repeated 12x across cluster][0m
[36m(ClientAppActor pid=73033)[0m ), run_config={}): Initializing Net()...[32m [repeated 12x across cluster][0m
[36m(ClientAppActor pid=73033)[0m ), run_config={}): Net() initialized. Moving to device: cuda:0...[32m [repeated 12x across cluster][0m
[36m(ClientAppActor pid=73031)[0m ), run_config={}): Model successfully moved to device.[32m [repeated 18x across cluster][0m
[36m(ClientAppActor pid=73031)[0m ), run_config={}): Calling load_data...[32m [repeated 18x across cluster][0m
[36m(ClientAppActor pid=73031)[0m Client Context(run_id=0, node_id=12055831583718793152, node_config={'partition-id': '3', 'num-partitions': '10'}, state=RecordDict([32m [repeated 18x across cluster][0m
[36m(ClientAppActor pid=73031)[0m ), run_config={}): Loading data partition manually from /homes/01/sxbhattarai/sec-agg/data...[32m [repeated 18x across cluster][0m
[36m(ClientAppActor pid=73033)[0m [DEBUG] Client Context(run_id=0, node_id=3373841256096537146, node_config={'partition-id': '5', 'num-partitions': '10'}, state=RecordDict([32m [repeated 90x across cluster][0m
[36m(ClientAppActor pid=73033)[0m   array_records={},[32m [repeated 108x across cluster][0m
[36m(ClientAppActor pid=73033)[0m   metric_records={},[32m [repeated 108x across cluster][0m
[36m(ClientAppActor pid=73033)[0m   config_records={}[32m [repeated 108x across cluster][0m
[36m(ClientAppActor pid=73033)[0m ), run_config={}): Inside client_fn.[32m [repeated 18x across cluster][0m
[36m(ClientAppActor pid=73033)[0m ), run_config={}): Initializing Net()...[32m [repeated 18x across cluster][0m
[36m(ClientAppActor pid=73033)[0m ), run_config={}): Net() initialized. Moving to device: cuda:0...[32m [repeated 18x across cluster][0m
[36m(ClientAppActor pid=73033)[0m ), run_config={}): Model successfully moved to device.[32m [repeated 12x across cluster][0m
[36m(ClientAppActor pid=73033)[0m ), run_config={}): Calling load_data...[32m [repeated 12x across cluster][0m
[36m(ClientAppActor pid=73033)[0m Client Context(run_id=0, node_id=5455620886173916170, node_config={'partition-id': '0', 'num-partitions': '10'}, state=RecordDict([32m [repeated 12x across cluster][0m
[36m(ClientAppActor pid=73033)[0m ), run_config={}): Loading data partition manually from /homes/01/sxbhattarai/sec-agg/data...[32m [repeated 12x across cluster][0m
[36m(ClientAppActor pid=73033)[0m [DEBUG] Client Context(run_id=0, node_id=18445858133099701875, node_config={'partition-id': '2', 'num-partitions': '10'}, state=RecordDict([32m [repeated 60x across cluster][0m
[36m(ClientAppActor pid=73033)[0m   array_records={},[32m [repeated 72x across cluster][0m
[36m(ClientAppActor pid=73033)[0m   metric_records={},[32m [repeated 72x across cluster][0m
[36m(ClientAppActor pid=73033)[0m   config_records={}[32m [repeated 72x across cluster][0m
[36m(ClientAppActor pid=73033)[0m ), run_config={}): Inside client_fn.[32m [repeated 12x across cluster][0m
[36m(ClientAppActor pid=73033)[0m ), run_config={}): Initializing Net()...[32m [repeated 12x across cluster][0m
[36m(ClientAppActor pid=73033)[0m ), run_config={}): Net() initialized. Moving to device: cuda:0...[32m [repeated 12x across cluster][0m
[36m(ClientAppActor pid=73033)[0m ), run_config={}): Model successfully moved to device.[32m [repeated 10x across cluster][0m
[36m(ClientAppActor pid=73033)[0m ), run_config={}): Calling load_data...[32m [repeated 10x across cluster][0m
[36m(ClientAppActor pid=73033)[0m Client Context(run_id=0, node_id=18445858133099701875, node_config={'partition-id': '2', 'num-partitions': '10'}, state=RecordDict([32m [repeated 10x across cluster][0m
[36m(ClientAppActor pid=73033)[0m ), run_config={}): Loading data partition manually from /homes/01/sxbhattarai/sec-agg/data...[32m [repeated 10x across cluster][0m
[36m(ClientAppActor pid=73010)[0m [DEBUG] Client Context(run_id=0, node_id=8543846774938405589, node_config={'partition-id': '6', 'num-partitions': '10'}, state=RecordDict([32m [repeated 50x across cluster][0m
[36m(ClientAppActor pid=73010)[0m   array_records={},[32m [repeated 60x across cluster][0m
[36m(ClientAppActor pid=73010)[0m   metric_records={},[32m [repeated 60x across cluster][0m
[36m(ClientAppActor pid=73010)[0m   config_records={}[32m [repeated 60x across cluster][0m
[36m(ClientAppActor pid=73010)[0m ), run_config={}): Inside client_fn.[32m [repeated 10x across cluster][0m
[36m(ClientAppActor pid=73010)[0m ), run_config={}): Initializing Net()...[32m [repeated 10x across cluster][0m
[36m(ClientAppActor pid=73010)[0m ), run_config={}): Net() initialized. Moving to device: cuda:0...[32m [repeated 10x across cluster][0m
[36m(ClientAppActor pid=73010)[0m ), run_config={}): Model successfully moved to device.[32m [repeated 10x across cluster][0m
[36m(ClientAppActor pid=73010)[0m ), run_config={}): Calling load_data...[32m [repeated 10x across cluster][0m
[36m(ClientAppActor pid=73010)[0m Client Context(run_id=0, node_id=8543846774938405589, node_config={'partition-id': '6', 'num-partitions': '10'}, state=RecordDict([32m [repeated 10x across cluster][0m
[36m(ClientAppActor pid=73010)[0m ), run_config={}): Loading data partition manually from /homes/01/sxbhattarai/sec-agg/data...[32m [repeated 10x across cluster][0m
[36m(ClientAppActor pid=73032)[0m [DEBUG] Client Context(run_id=0, node_id=16392195138484877208, node_config={'partition-id': '1', 'num-partitions': '10'}, state=RecordDict([32m [repeated 90x across cluster][0m
[36m(ClientAppActor pid=73032)[0m   array_records={},[32m [repeated 108x across cluster][0m
[36m(ClientAppActor pid=73032)[0m   metric_records={},[32m [repeated 108x across cluster][0m
[36m(ClientAppActor pid=73032)[0m   config_records={}[32m [repeated 108x across cluster][0m
[36m(ClientAppActor pid=73032)[0m ), run_config={}): Inside client_fn.[32m [repeated 18x across cluster][0m
[36m(ClientAppActor pid=73032)[0m ), run_config={}): Initializing Net()...[32m [repeated 18x across cluster][0m
[36m(ClientAppActor pid=73032)[0m ), run_config={}): Net() initialized. Moving to device: cuda:0...[32m [repeated 18x across cluster][0m
[36m(ClientAppActor pid=73032)[0m ), run_config={}): Model successfully moved to device.[32m [repeated 18x across cluster][0m
[36m(ClientAppActor pid=73032)[0m ), run_config={}): Calling load_data...[32m [repeated 18x across cluster][0m
[36m(ClientAppActor pid=73032)[0m Client Context(run_id=0, node_id=16392195138484877208, node_config={'partition-id': '1', 'num-partitions': '10'}, state=RecordDict([32m [repeated 18x across cluster][0m
[36m(ClientAppActor pid=73032)[0m ), run_config={}): Loading data partition manually from /homes/01/sxbhattarai/sec-agg/data...[32m [repeated 18x across cluster][0m
[36m(ClientAppActor pid=73032)[0m [DEBUG] Client Context(run_id=0, node_id=10004782702109584299, node_config={'partition-id': '8', 'num-partitions': '10'}, state=RecordDict([32m [repeated 47x across cluster][0m
[36m(ClientAppActor pid=73032)[0m   array_records={},[32m [repeated 56x across cluster][0m
[36m(ClientAppActor pid=73032)[0m   metric_records={},[32m [repeated 56x across cluster][0m
[36m(ClientAppActor pid=73032)[0m   config_records={}[32m [repeated 56x across cluster][0m
[36m(ClientAppActor pid=73032)[0m ), run_config={}): Inside client_fn.[32m [repeated 10x across cluster][0m
[36m(ClientAppActor pid=73032)[0m ), run_config={}): Initializing Net()...[32m [repeated 10x across cluster][0m
[36m(ClientAppActor pid=73036)[0m ), run_config={}): Net() initialized. Moving to device: cuda:0...[32m [repeated 9x across cluster][0m
[36m(ClientAppActor pid=73036)[0m ), run_config={}): Model successfully moved to device.[32m [repeated 9x across cluster][0m
[36m(ClientAppActor pid=73036)[0m ), run_config={}): Calling load_data...[32m [repeated 9x across cluster][0m
[36m(ClientAppActor pid=73036)[0m Client Context(run_id=0, node_id=12055831583718793152, node_config={'partition-id': '3', 'num-partitions': '10'}, state=RecordDict([32m [repeated 9x across cluster][0m
[36m(ClientAppActor pid=73036)[0m ), run_config={}): Loading data partition manually from /homes/01/sxbhattarai/sec-agg/data...[32m [repeated 9x across cluster][0m
[36m(ClientAppActor pid=73027)[0m [DEBUG] Client Context(run_id=0, node_id=1448956693983831668, node_config={'partition-id': '7', 'num-partitions': '10'}, state=RecordDict([32m [repeated 53x across cluster][0m
[36m(ClientAppActor pid=73027)[0m   array_records={},[32m [repeated 64x across cluster][0m
[36m(ClientAppActor pid=73027)[0m   metric_records={},[32m [repeated 64x across cluster][0m
[36m(ClientAppActor pid=73027)[0m   config_records={}[32m [repeated 64x across cluster][0m
[36m(ClientAppActor pid=73027)[0m ), run_config={}): Inside client_fn.[32m [repeated 10x across cluster][0m
[36m(ClientAppActor pid=73027)[0m ), run_config={}): Initializing Net()...[32m [repeated 10x across cluster][0m
[36m(ClientAppActor pid=73027)[0m ), run_config={}): Net() initialized. Moving to device: cuda:0...[32m [repeated 11x across cluster][0m
[36m(ClientAppActor pid=73027)[0m ), run_config={}): Model successfully moved to device.[32m [repeated 11x across cluster][0m
[36m(ClientAppActor pid=73027)[0m ), run_config={}): Calling load_data...[32m [repeated 11x across cluster][0m
[36m(ClientAppActor pid=73027)[0m Client Context(run_id=0, node_id=1448956693983831668, node_config={'partition-id': '7', 'num-partitions': '10'}, state=RecordDict([32m [repeated 11x across cluster][0m
[36m(ClientAppActor pid=73027)[0m ), run_config={}): Loading data partition manually from /homes/01/sxbhattarai/sec-agg/data...[32m [repeated 11x across cluster][0m
[36m(ClientAppActor pid=73032)[0m [DEBUG] Client Context(run_id=0, node_id=10004782702109584299, node_config={'partition-id': '8', 'num-partitions': '10'}, state=RecordDict([32m [repeated 57x across cluster][0m
[36m(ClientAppActor pid=73032)[0m   array_records={},[32m [repeated 68x across cluster][0m
[36m(ClientAppActor pid=73032)[0m   metric_records={},[32m [repeated 68x across cluster][0m
[36m(ClientAppActor pid=73032)[0m   config_records={}[32m [repeated 68x across cluster][0m
[36m(ClientAppActor pid=73032)[0m ), run_config={}): Inside client_fn.[32m [repeated 12x across cluster][0m
[36m(ClientAppActor pid=73032)[0m ), run_config={}): Initializing Net()...[32m [repeated 12x across cluster][0m
[36m(ClientAppActor pid=73036)[0m ), run_config={}): Net() initialized. Moving to device: cuda:0...[32m [repeated 11x across cluster][0m
[36m(ClientAppActor pid=73036)[0m ), run_config={}): Model successfully moved to device.[32m [repeated 11x across cluster][0m
[36m(ClientAppActor pid=73036)[0m ), run_config={}): Calling load_data...[32m [repeated 11x across cluster][0m
[36m(ClientAppActor pid=73036)[0m Client Context(run_id=0, node_id=3373841256096537146, node_config={'partition-id': '5', 'num-partitions': '10'}, state=RecordDict([32m [repeated 11x across cluster][0m
[36m(ClientAppActor pid=73036)[0m ), run_config={}): Loading data partition manually from /homes/01/sxbhattarai/sec-agg/data...[32m [repeated 11x across cluster][0m
[36m(ClientAppActor pid=73031)[0m [DEBUG] Client Context(run_id=0, node_id=5455620886173916170, node_config={'partition-id': '0', 'num-partitions': '10'}, state=RecordDict([32m [repeated 93x across cluster][0m
[36m(ClientAppActor pid=73031)[0m   array_records={},[32m [repeated 112x across cluster][0m
[36m(ClientAppActor pid=73031)[0m   metric_records={},[32m [repeated 112x across cluster][0m
[36m(ClientAppActor pid=73031)[0m   config_records={}[32m [repeated 112x across cluster][0m
[36m(ClientAppActor pid=73031)[0m ), run_config={}): Inside client_fn.[32m [repeated 18x across cluster][0m
[36m(ClientAppActor pid=73031)[0m ), run_config={}): Initializing Net()...[32m [repeated 18x across cluster][0m
[36m(ClientAppActor pid=73031)[0m ), run_config={}): Net() initialized. Moving to device: cuda:0...[32m [repeated 19x across cluster][0m
[36m(ClientAppActor pid=73031)[0m ), run_config={}): Model successfully moved to device.[32m [repeated 19x across cluster][0m
[36m(ClientAppActor pid=73031)[0m ), run_config={}): Calling load_data...[32m [repeated 19x across cluster][0m
[36m(ClientAppActor pid=73031)[0m Client Context(run_id=0, node_id=5455620886173916170, node_config={'partition-id': '0', 'num-partitions': '10'}, state=RecordDict([32m [repeated 19x across cluster][0m
[36m(ClientAppActor pid=73031)[0m ), run_config={}): Loading data partition manually from /homes/01/sxbhattarai/sec-agg/data...[32m [repeated 19x across cluster][0m
[36m(ClientAppActor pid=73033)[0m [DEBUG] Client Context(run_id=0, node_id=5455620886173916170, node_config={'partition-id': '0', 'num-partitions': '10'}, state=RecordDict([32m [repeated 50x across cluster][0m
[36m(ClientAppActor pid=73033)[0m   array_records={},[32m [repeated 60x across cluster][0m
[36m(ClientAppActor pid=73033)[0m   metric_records={},[32m [repeated 60x across cluster][0m
[36m(ClientAppActor pid=73033)[0m   config_records={}[32m [repeated 60x across cluster][0m
[36m(ClientAppActor pid=73033)[0m ), run_config={}): Inside client_fn.[32m [repeated 10x across cluster][0m
[36m(ClientAppActor pid=73033)[0m ), run_config={}): Initializing Net()...[32m [repeated 10x across cluster][0m
[36m(ClientAppActor pid=73033)[0m ), run_config={}): Net() initialized. Moving to device: cuda:0...[32m [repeated 10x across cluster][0m
[36m(ClientAppActor pid=73033)[0m ), run_config={}): Model successfully moved to device.[32m [repeated 10x across cluster][0m
[36m(ClientAppActor pid=73033)[0m ), run_config={}): Calling load_data...[32m [repeated 10x across cluster][0m
[36m(ClientAppActor pid=73033)[0m Client Context(run_id=0, node_id=5455620886173916170, node_config={'partition-id': '0', 'num-partitions': '10'}, state=RecordDict([32m [repeated 10x across cluster][0m
[36m(ClientAppActor pid=73033)[0m ), run_config={}): Loading data partition manually from /homes/01/sxbhattarai/sec-agg/data...[32m [repeated 10x across cluster][0m
[36m(ClientAppActor pid=73033)[0m [DEBUG] Client Context(run_id=0, node_id=16392195138484877208, node_config={'partition-id': '1', 'num-partitions': '10'}, state=RecordDict([32m [repeated 60x across cluster][0m
[36m(ClientAppActor pid=73033)[0m   array_records={},[32m [repeated 72x across cluster][0m
[36m(ClientAppActor pid=73033)[0m   metric_records={},[32m [repeated 72x across cluster][0m
[36m(ClientAppActor pid=73033)[0m   config_records={}[32m [repeated 72x across cluster][0m
[36m(ClientAppActor pid=73033)[0m ), run_config={}): Inside client_fn.[32m [repeated 12x across cluster][0m
[36m(ClientAppActor pid=73033)[0m ), run_config={}): Initializing Net()...[32m [repeated 12x across cluster][0m
[36m(ClientAppActor pid=73033)[0m ), run_config={}): Net() initialized. Moving to device: cuda:0...[32m [repeated 12x across cluster][0m
[36m(ClientAppActor pid=73033)[0m ), run_config={}): Model successfully moved to device.[32m [repeated 12x across cluster][0m
[36m(ClientAppActor pid=73033)[0m ), run_config={}): Calling load_data...[32m [repeated 12x across cluster][0m
[36m(ClientAppActor pid=73033)[0m Client Context(run_id=0, node_id=16392195138484877208, node_config={'partition-id': '1', 'num-partitions': '10'}, state=RecordDict([32m [repeated 12x across cluster][0m
[36m(ClientAppActor pid=73033)[0m ), run_config={}): Loading data partition manually from /homes/01/sxbhattarai/sec-agg/data...[32m [repeated 12x across cluster][0m
[36m(ClientAppActor pid=73033)[0m [DEBUG] Client Context(run_id=0, node_id=10004782702109584299, node_config={'partition-id': '8', 'num-partitions': '10'}, state=RecordDict([32m [repeated 50x across cluster][0m
[36m(ClientAppActor pid=73033)[0m   array_records={},[32m [repeated 60x across cluster][0m
[36m(ClientAppActor pid=73033)[0m   metric_records={},[32m [repeated 60x across cluster][0m
[36m(ClientAppActor pid=73033)[0m   config_records={}[32m [repeated 60x across cluster][0m
[36m(ClientAppActor pid=73033)[0m ), run_config={}): Inside client_fn.[32m [repeated 10x across cluster][0m
[36m(ClientAppActor pid=73033)[0m ), run_config={}): Initializing Net()...[32m [repeated 10x across cluster][0m
[36m(ClientAppActor pid=73033)[0m ), run_config={}): Net() initialized. Moving to device: cuda:0...[32m [repeated 10x across cluster][0m
[36m(ClientAppActor pid=73033)[0m ), run_config={}): Model successfully moved to device.[32m [repeated 10x across cluster][0m
[36m(ClientAppActor pid=73033)[0m ), run_config={}): Calling load_data...[32m [repeated 10x across cluster][0m
[36m(ClientAppActor pid=73033)[0m Client Context(run_id=0, node_id=10004782702109584299, node_config={'partition-id': '8', 'num-partitions': '10'}, state=RecordDict([32m [repeated 10x across cluster][0m
[36m(ClientAppActor pid=73033)[0m ), run_config={}): Loading data partition manually from /homes/01/sxbhattarai/sec-agg/data...[32m [repeated 10x across cluster][0m
[36m(ClientAppActor pid=73027)[0m [DEBUG] Client Context(run_id=0, node_id=8670305283568850652, node_config={'partition-id': '9', 'num-partitions': '10'}, state=RecordDict([32m [repeated 90x across cluster][0m
[36m(ClientAppActor pid=73027)[0m   array_records={},[32m [repeated 108x across cluster][0m
[36m(ClientAppActor pid=73027)[0m   metric_records={},[32m [repeated 108x across cluster][0m
[36m(ClientAppActor pid=73027)[0m   config_records={}[32m [repeated 108x across cluster][0m
[36m(ClientAppActor pid=73027)[0m ), run_config={}): Inside client_fn.[32m [repeated 18x across cluster][0m
[36m(ClientAppActor pid=73027)[0m ), run_config={}): Initializing Net()...[32m [repeated 18x across cluster][0m
[36m(ClientAppActor pid=73027)[0m ), run_config={}): Net() initialized. Moving to device: cuda:0...[32m [repeated 18x across cluster][0m
[36m(ClientAppActor pid=73027)[0m ), run_config={}): Model successfully moved to device.[32m [repeated 18x across cluster][0m
[36m(ClientAppActor pid=73027)[0m ), run_config={}): Calling load_data...[32m [repeated 18x across cluster][0m
[36m(ClientAppActor pid=73027)[0m Client Context(run_id=0, node_id=8670305283568850652, node_config={'partition-id': '9', 'num-partitions': '10'}, state=RecordDict([32m [repeated 18x across cluster][0m
[36m(ClientAppActor pid=73027)[0m ), run_config={}): Loading data partition manually from /homes/01/sxbhattarai/sec-agg/data...[32m [repeated 18x across cluster][0m
[36m(ClientAppActor pid=73033)[0m [DEBUG] Client Context(run_id=0, node_id=5397810656253925862, node_config={'partition-id': '4', 'num-partitions': '10'}, state=RecordDict([32m [repeated 60x across cluster][0m
[36m(ClientAppActor pid=73033)[0m   array_records={},[32m [repeated 72x across cluster][0m
[36m(ClientAppActor pid=73033)[0m   metric_records={},[32m [repeated 72x across cluster][0m
[36m(ClientAppActor pid=73033)[0m   config_records={}[32m [repeated 72x across cluster][0m
[36m(ClientAppActor pid=73033)[0m ), run_config={}): Inside client_fn.[32m [repeated 12x across cluster][0m
[36m(ClientAppActor pid=73033)[0m ), run_config={}): Initializing Net()...[32m [repeated 12x across cluster][0m
[36m(ClientAppActor pid=73033)[0m ), run_config={}): Net() initialized. Moving to device: cuda:0...[32m [repeated 12x across cluster][0m
[36m(ClientAppActor pid=73033)[0m ), run_config={}): Model successfully moved to device.[32m [repeated 12x across cluster][0m
[36m(ClientAppActor pid=73033)[0m ), run_config={}): Calling load_data...[32m [repeated 12x across cluster][0m
[36m(ClientAppActor pid=73033)[0m Client Context(run_id=0, node_id=5397810656253925862, node_config={'partition-id': '4', 'num-partitions': '10'}, state=RecordDict([32m [repeated 12x across cluster][0m
[36m(ClientAppActor pid=73033)[0m ), run_config={}): Loading data partition manually from /homes/01/sxbhattarai/sec-agg/data...[32m [repeated 12x across cluster][0m
[36m(ClientAppActor pid=73030)[0m [DEBUG] Client Context(run_id=0, node_id=16392195138484877208, node_config={'partition-id': '1', 'num-partitions': '10'}, state=RecordDict([32m [repeated 90x across cluster][0m
[36m(ClientAppActor pid=73030)[0m   array_records={},[32m [repeated 108x across cluster][0m
[36m(ClientAppActor pid=73030)[0m   metric_records={},[32m [repeated 108x across cluster][0m
[36m(ClientAppActor pid=73030)[0m   config_records={}[32m [repeated 108x across cluster][0m
[36m(ClientAppActor pid=73030)[0m ), run_config={}): Inside client_fn.[32m [repeated 18x across cluster][0m
[36m(ClientAppActor pid=73030)[0m ), run_config={}): Initializing Net()...[32m [repeated 18x across cluster][0m
[36m(ClientAppActor pid=73030)[0m ), run_config={}): Net() initialized. Moving to device: cuda:0...[32m [repeated 18x across cluster][0m
[36m(ClientAppActor pid=73030)[0m ), run_config={}): Model successfully moved to device.[32m [repeated 18x across cluster][0m
[36m(ClientAppActor pid=73030)[0m ), run_config={}): Calling load_data...[32m [repeated 18x across cluster][0m
[36m(ClientAppActor pid=73030)[0m Client Context(run_id=0, node_id=16392195138484877208, node_config={'partition-id': '1', 'num-partitions': '10'}, state=RecordDict([32m [repeated 18x across cluster][0m
[36m(ClientAppActor pid=73030)[0m ), run_config={}): Loading data partition manually from /homes/01/sxbhattarai/sec-agg/data...[32m [repeated 18x across cluster][0m
Logging final metrics and artifacts...
✅ Artifact 'fedavg_benign_f0_n10_details' logged.
✅ Finished experiment: fedavg_benign_f0_n10
⏱️ Total Simulation Time: 161.77 seconds
🕒 Waiting 5 seconds before next run...

🎉 All experiments completed.

💡 You can now run 'python sec_agg/analysis.py' to generate comparison plots.
[36m(ClientAppActor pid=73030)[0m [DEBUG] Client Context(run_id=0, node_id=10004782702109584299, node_config={'partition-id': '8', 'num-partitions': '10'}, state=RecordDict([32m [repeated 55x across cluster][0m
[36m(ClientAppActor pid=73030)[0m   array_records={},[32m [repeated 66x across cluster][0m
[36m(ClientAppActor pid=73030)[0m   metric_records={},[32m [repeated 66x across cluster][0m
[36m(ClientAppActor pid=73030)[0m   config_records={}[32m [repeated 66x across cluster][0m
[36m(ClientAppActor pid=73030)[0m ), run_config={}): Inside client_fn.[32m [repeated 11x across cluster][0m
[36m(ClientAppActor pid=73030)[0m ), run_config={}): Initializing Net()...[32m [repeated 11x across cluster][0m
[36m(ClientAppActor pid=73030)[0m ), run_config={}): Net() initialized. Moving to device: cuda:0...[32m [repeated 11x across cluster][0m
[36m(ClientAppActor pid=73030)[0m ), run_config={}): Model successfully moved to device.[32m [repeated 11x across cluster][0m
[36m(ClientAppActor pid=73030)[0m ), run_config={}): Calling load_data...[32m [repeated 11x across cluster][0m
[36m(ClientAppActor pid=73030)[0m Client Context(run_id=0, node_id=10004782702109584299, node_config={'partition-id': '8', 'num-partitions': '10'}, state=RecordDict([32m [repeated 11x across cluster][0m
[36m(ClientAppActor pid=73030)[0m ), run_config={}): Loading data partition manually from /homes/01/sxbhattarai/sec-agg/data...[32m [repeated 11x across cluster][0m
--- Flower Simulation Job Finished ---
