wandb: WARNING `start_method` is deprecated and will be removed in a future version of wandb. This setting is currently non-functional and safely ignored.
wandb: WARNING `resume` will be ignored since W&B syncing is set to `offline`. Starting a new run with run id ry267scz.
wandb: Tracking run with wandb version 0.20.1
wandb: W&B syncing is set to `offline` in this directory. Run `wandb online` or set WANDB_MODE=online to enable cloud syncing.
Traceback (most recent call last):
  File "/homes/01/sxbhattarai/sec-agg/main.py", line 163, in <module>
    main()
  File "/homes/01/sxbhattarai/sec-agg/main.py", line 129, in main
    simulation_client_fn = get_client_fn(run_config)
                           ^^^^^^^^^^^^^^^^^^^^^^^^^
  File "/homes/01/sxbhattarai/sec-agg/main.py", line 101, in get_client_fn
    return client_fn_from_num_client_proxy(client_builder_fn)
           ^^^^^^^^^^^^^^^^^^^^^^^^^^^^^^^
NameError: name 'client_fn_from_num_client_proxy' is not defined
Traceback (most recent call last):
  File "/homes/01/sxbhattarai/sec-agg/main.py", line 163, in <module>
    main()
  File "/homes/01/sxbhattarai/sec-agg/main.py", line 129, in main
    simulation_client_fn = get_client_fn(run_config)
                           ^^^^^^^^^^^^^^^^^^^^^^^^^
  File "/homes/01/sxbhattarai/sec-agg/main.py", line 101, in get_client_fn
    return client_fn_from_num_client_proxy(client_builder_fn)
           ^^^^^^^^^^^^^^^^^^^^^^^^^^^^^^^
NameError: name 'client_fn_from_num_client_proxy' is not defined
